Archive member included because of file (symbol)

/usr/lib/gcc/arm-none-eabi/4.8.2/../../../arm-none-eabi/lib/armv7-m/libc.a(lib_a-atexit.o)
                              /usr/lib/gcc/arm-none-eabi/4.8.2/../../../arm-none-eabi/lib/armv7-m/crt0.o (atexit)
/usr/lib/gcc/arm-none-eabi/4.8.2/../../../arm-none-eabi/lib/armv7-m/libc.a(lib_a-exit.o)
                              /usr/lib/gcc/arm-none-eabi/4.8.2/../../../arm-none-eabi/lib/armv7-m/crt0.o (exit)
/usr/lib/gcc/arm-none-eabi/4.8.2/../../../arm-none-eabi/lib/armv7-m/libc.a(lib_a-fini.o)
                              /usr/lib/gcc/arm-none-eabi/4.8.2/../../../arm-none-eabi/lib/armv7-m/crt0.o (__libc_fini_array)
/usr/lib/gcc/arm-none-eabi/4.8.2/../../../arm-none-eabi/lib/armv7-m/libc.a(lib_a-impure.o)
                              /usr/lib/gcc/arm-none-eabi/4.8.2/../../../arm-none-eabi/lib/armv7-m/libc.a(lib_a-exit.o) (_global_impure_ptr)
/usr/lib/gcc/arm-none-eabi/4.8.2/../../../arm-none-eabi/lib/armv7-m/libc.a(lib_a-init.o)
                              /usr/lib/gcc/arm-none-eabi/4.8.2/../../../arm-none-eabi/lib/armv7-m/crt0.o (__libc_init_array)
/usr/lib/gcc/arm-none-eabi/4.8.2/../../../arm-none-eabi/lib/armv7-m/libc.a(lib_a-iprintf.o)
                              /media/sontung/SOURCE/opensource/Micrium/ArduinoDue/build/generated/UCOSIII/bsp.c.o (iprintf)
/usr/lib/gcc/arm-none-eabi/4.8.2/../../../arm-none-eabi/lib/armv7-m/libc.a(lib_a-memcpy.o)
                              /media/sontung/SOURCE/opensource/Micrium/ArduinoDue/build/generated/Atmel/sam_nvm.c.o (memcpy)
/usr/lib/gcc/arm-none-eabi/4.8.2/../../../arm-none-eabi/lib/armv7-m/libc.a(lib_a-memset.o)
                              /usr/lib/gcc/arm-none-eabi/4.8.2/../../../arm-none-eabi/lib/armv7-m/crt0.o (memset)
/usr/lib/gcc/arm-none-eabi/4.8.2/../../../arm-none-eabi/lib/armv7-m/libc.a(lib_a-setbuf.o)
                              /media/sontung/SOURCE/opensource/Micrium/ArduinoDue/build/generated/UCOSIII/bsp.c.o (setbuf)
/usr/lib/gcc/arm-none-eabi/4.8.2/../../../arm-none-eabi/lib/armv7-m/libc.a(lib_a-setvbuf.o)
                              /usr/lib/gcc/arm-none-eabi/4.8.2/../../../arm-none-eabi/lib/armv7-m/libc.a(lib_a-setbuf.o) (setvbuf)
/usr/lib/gcc/arm-none-eabi/4.8.2/../../../arm-none-eabi/lib/armv7-m/libc.a(lib_a-vfiprintf.o)
                              /usr/lib/gcc/arm-none-eabi/4.8.2/../../../arm-none-eabi/lib/armv7-m/libc.a(lib_a-iprintf.o) (_vfiprintf_r)
/usr/lib/gcc/arm-none-eabi/4.8.2/../../../arm-none-eabi/lib/armv7-m/libc.a(lib_a-wsetup.o)
                              /usr/lib/gcc/arm-none-eabi/4.8.2/../../../arm-none-eabi/lib/armv7-m/libc.a(lib_a-vfiprintf.o) (__swsetup_r)
/usr/lib/gcc/arm-none-eabi/4.8.2/../../../arm-none-eabi/lib/armv7-m/libc.a(lib_a-__atexit.o)
                              /usr/lib/gcc/arm-none-eabi/4.8.2/../../../arm-none-eabi/lib/armv7-m/libc.a(lib_a-atexit.o) (__register_exitproc)
/usr/lib/gcc/arm-none-eabi/4.8.2/../../../arm-none-eabi/lib/armv7-m/libc.a(lib_a-__call_atexit.o)
                              /usr/lib/gcc/arm-none-eabi/4.8.2/../../../arm-none-eabi/lib/armv7-m/libc.a(lib_a-exit.o) (__call_exitprocs)
/usr/lib/gcc/arm-none-eabi/4.8.2/../../../arm-none-eabi/lib/armv7-m/libc.a(lib_a-fflush.o)
                              /usr/lib/gcc/arm-none-eabi/4.8.2/../../../arm-none-eabi/lib/armv7-m/libc.a(lib_a-setvbuf.o) (_fflush_r)
/usr/lib/gcc/arm-none-eabi/4.8.2/../../../arm-none-eabi/lib/armv7-m/libc.a(lib_a-findfp.o)
                              /usr/lib/gcc/arm-none-eabi/4.8.2/../../../arm-none-eabi/lib/armv7-m/libc.a(lib_a-setvbuf.o) (_cleanup_r)
/usr/lib/gcc/arm-none-eabi/4.8.2/../../../arm-none-eabi/lib/armv7-m/libc.a(lib_a-fputwc.o)
                              /usr/lib/gcc/arm-none-eabi/4.8.2/../../../arm-none-eabi/lib/armv7-m/libc.a(lib_a-vfiprintf.o) (_fputwc_r)
/usr/lib/gcc/arm-none-eabi/4.8.2/../../../arm-none-eabi/lib/armv7-m/libc.a(lib_a-freer.o)
                              /usr/lib/gcc/arm-none-eabi/4.8.2/../../../arm-none-eabi/lib/armv7-m/libc.a(lib_a-setvbuf.o) (_free_r)
/usr/lib/gcc/arm-none-eabi/4.8.2/../../../arm-none-eabi/lib/armv7-m/libc.a(lib_a-fvwrite.o)
                              /usr/lib/gcc/arm-none-eabi/4.8.2/../../../arm-none-eabi/lib/armv7-m/libc.a(lib_a-vfiprintf.o) (__sfvwrite_r)
/usr/lib/gcc/arm-none-eabi/4.8.2/../../../arm-none-eabi/lib/armv7-m/libc.a(lib_a-fwalk.o)
                              /usr/lib/gcc/arm-none-eabi/4.8.2/../../../arm-none-eabi/lib/armv7-m/libc.a(lib_a-findfp.o) (_fwalk)
/usr/lib/gcc/arm-none-eabi/4.8.2/../../../arm-none-eabi/lib/armv7-m/libc.a(lib_a-locale.o)
                              /usr/lib/gcc/arm-none-eabi/4.8.2/../../../arm-none-eabi/lib/armv7-m/libc.a(lib_a-fputwc.o) (__locale_mb_cur_max)
/usr/lib/gcc/arm-none-eabi/4.8.2/../../../arm-none-eabi/lib/armv7-m/libc.a(lib_a-makebuf.o)
                              /usr/lib/gcc/arm-none-eabi/4.8.2/../../../arm-none-eabi/lib/armv7-m/libc.a(lib_a-wsetup.o) (__smakebuf_r)
[...]
Memory Configuration

Name             Origin             Length             Attributes
rom              0x0000000000080000 0x0000000000080000 xr
sram0            0x0000000020000000 0x0000000000010000 xrw
sram1            0x0000000020080000 0x0000000000008000 xrw
ram              0x0000000020070000 0x0000000000018000 xrw
*default*        0x0000000000000000 0xffffffffffffffff

Linker script and memory map

LOAD /usr/lib/gcc/arm-none-eabi/4.8.2/armv7-m/crti.o
LOAD /usr/lib/gcc/arm-none-eabi/4.8.2/armv7-m/crtbegin.o
LOAD /usr/lib/gcc/arm-none-eabi/4.8.2/../../../arm-none-eabi/lib/armv7-m/crt0.o
LOAD /usr/lib/gcc/arm-none-eabi/4.8.2/../../../arm-none-eabi/lib/armv7-m/libm.a
LOAD /usr/lib/gcc/arm-none-eabi/4.8.2/armv7-m/libgcc.a
START GROUP
LOAD /media/sontung/SOURCE/opensource/Micrium/ArduinoDue/build/generated/UCOSIII/os_cpu_a.s.o
LOAD /media/sontung/SOURCE/opensource/Micrium/ArduinoDue/build/generated/UCOSIII/os_cpu_c.c.o
LOAD /media/sontung/SOURCE/opensource/Micrium/ArduinoDue/build/generated/UCOSIII/os_cfg_app.c.o
LOAD /media/sontung/SOURCE/opensource/Micrium/ArduinoDue/build/generated/UCOSIII/os_core.c.o
LOAD /media/sontung/SOURCE/opensource/Micrium/ArduinoDue/build/generated/UCOSIII/os_dbg.c.o
LOAD /media/sontung/SOURCE/opensource/Micrium/ArduinoDue/build/generated/UCOSIII/os_flag.c.o
LOAD /media/sontung/SOURCE/opensource/Micrium/ArduinoDue/build/generated/UCOSIII/os_int.c.o
LOAD /media/sontung/SOURCE/opensource/Micrium/ArduinoDue/build/generated/UCOSIII/os_mem.c.o
LOAD /media/sontung/SOURCE/opensource/Micrium/ArduinoDue/build/generated/UCOSIII/os_msg.c.o
LOAD /media/sontung/SOURCE/opensource/Micrium/ArduinoDue/build/generated/UCOSIII/os_mutex.c.o
LOAD /media/sontung/SOURCE/opensource/Micrium/ArduinoDue/build/generated/UCOSIII/os_pend_multi.c.o
LOAD /media/sontung/SOURCE/opensource/Micrium/ArduinoDue/build/generated/UCOSIII/os_prio.c.o
LOAD /media/sontung/SOURCE/opensource/Micrium/ArduinoDue/build/generated/UCOSIII/os_q.c.o
LOAD /media/sontung/SOURCE/opensource/Micrium/ArduinoDue/build/generated/UCOSIII/os_sem.c.o
LOAD /media/sontung/SOURCE/opensource/Micrium/ArduinoDue/build/generated/UCOSIII/os_stat.c.o
LOAD /media/sontung/SOURCE/opensource/Micrium/ArduinoDue/build/generated/UCOSIII/os_task.c.o
LOAD /media/sontung/SOURCE/opensource/Micrium/ArduinoDue/build/generated/UCOSIII/os_tick.c.o
LOAD /media/sontung/SOURCE/opensource/Micrium/ArduinoDue/build/generated/UCOSIII/os_time.c.o
LOAD /media/sontung/SOURCE/opensource/Micrium/ArduinoDue/build/generated/UCOSIII/os_tmr.c.o
LOAD /media/sontung/SOURCE/opensource/Micrium/ArduinoDue/build/generated/UCOSIII/os_var.c.o
LOAD /media/sontung/SOURCE/opensource/Micrium/ArduinoDue/build/generated/UCOSIII/lib_ascii.c.o
LOAD /media/sontung/SOURCE/opensource/Micrium/ArduinoDue/build/generated/UCOSIII/lib_math.c.o
LOAD /media/sontung/SOURCE/opensource/Micrium/ArduinoDue/build/generated/UCOSIII/lib_mem.c.o
LOAD /media/sontung/SOURCE/opensource/Micrium/ArduinoDue/build/generated/UCOSIII/lib_str.c.o
LOAD /media/sontung/SOURCE/opensource/Micrium/ArduinoDue/build/generated/UCOSIII/lib_mem_a.s.o
LOAD /media/sontung/SOURCE/opensource/Micrium/ArduinoDue/build/generated/UCOSIII/cpu_core.c.o
LOAD /media/sontung/SOURCE/opensource/Micrium/ArduinoDue/build/generated/UCOSIII/cpu_a.s.o
LOAD /media/sontung/SOURCE/opensource/Micrium/ArduinoDue/build/generated/UCOSIII/cpu_c.c.o
LOAD /media/sontung/SOURCE/opensource/Micrium/ArduinoDue/build/generated/UCOSIII/startup_sam3x.c.o
LOAD /media/sontung/SOURCE/opensource/Micrium/ArduinoDue/build/generated/UCOSIII/exceptions.c.o
LOAD /media/sontung/SOURCE/opensource/Micrium/ArduinoDue/build/generated/UCOSIII/system_sam3x.c.o
LOAD /media/sontung/SOURCE/opensource/Micrium/ArduinoDue/build/generated/UCOSIII/bsp.c.o
LOAD /media/sontung/SOURCE/opensource/Micrium/ArduinoDue/build/generated/UCOSIII/app.c.o
LOAD /media/sontung/SOURCE/opensource/Micrium/ArduinoDue/build/generated/UCOSIII/os_app_hooks.c.o
LOAD /media/sontung/SOURCE/opensource/Micrium/ArduinoDue/build/generated/Atmel/sysclk.c.o
LOAD /media/sontung/SOURCE/opensource/Micrium/ArduinoDue/build/generated/Atmel/spi_master.c.o
LOAD /media/sontung/SOURCE/opensource/Micrium/ArduinoDue/build/generated/Atmel/interrupt_sam_nvic.c.o
LOAD /media/sontung/SOURCE/opensource/Micrium/ArduinoDue/build/generated/Atmel/read.c.o
LOAD /media/sontung/SOURCE/opensource/Micrium/ArduinoDue/build/generated/Atmel/write.c.o
LOAD /media/sontung/SOURCE/opensource/Micrium/ArduinoDue/build/generated/Atmel/sam_nvm.c.o
LOAD /media/sontung/SOURCE/opensource/Micrium/ArduinoDue/build/generated/Atmel/init.c.o
LOAD /media/sontung/SOURCE/opensource/Micrium/ArduinoDue/build/generated/Atmel/led.c.o
LOAD /media/sontung/SOURCE/opensource/Micrium/ArduinoDue/build/generated/Atmel/pdc.c.o
LOAD /media/sontung/SOURCE/opensource/Micrium/ArduinoDue/build/generated/Atmel/pio.c.o
LOAD /media/sontung/SOURCE/opensource/Micrium/ArduinoDue/build/generated/Atmel/pio_handler.c.o
LOAD /media/sontung/SOURCE/opensource/Micrium/ArduinoDue/build/generated/Atmel/pmc.c.o
LOAD /media/sontung/SOURCE/opensource/Micrium/ArduinoDue/build/generated/Atmel/sleep.c.o
LOAD /media/sontung/SOURCE/opensource/Micrium/ArduinoDue/build/generated/Atmel/uart.c.o
LOAD /media/sontung/SOURCE/opensource/Micrium/ArduinoDue/build/generated/Atmel/usart.c.o
LOAD /media/sontung/SOURCE/opensource/Micrium/ArduinoDue/build/generated/Atmel/spi.c.o
LOAD /media/sontung/SOURCE/opensource/Micrium/ArduinoDue/build/generated/Atmel/efc.c.o
LOAD /media/sontung/SOURCE/opensource/Micrium/ArduinoDue/build/generated/Atmel/tc.c.o
LOAD /media/sontung/SOURCE/opensource/Micrium/ArduinoDue/build/generated/Atmel/wdt.c.o
LOAD /media/sontung/SOURCE/opensource/Micrium/ArduinoDue/build/generated/Atmel/trng.c.o
LOAD /media/sontung/SOURCE/opensource/Micrium/ArduinoDue/build/generated/Atmel/rstc.c.o
LOAD /media/sontung/SOURCE/opensource/Micrium/ArduinoDue/build/generated/Atmel/flash_efc.c.o
LOAD /media/sontung/SOURCE/opensource/Micrium/ArduinoDue/build/generated/Atmel/syscalls.c.o
LOAD /media/sontung/SOURCE/opensource/Micrium/ArduinoDue/build/generated/Atmel/dmac.c.o
END GROUP
START GROUP
LOAD /usr/lib/gcc/arm-none-eabi/4.8.2/armv7-m/libgcc.a
LOAD /usr/lib/gcc/arm-none-eabi/4.8.2/../../../arm-none-eabi/lib/armv7-m/libc.a
END GROUP
LOAD /usr/lib/gcc/arm-none-eabi/4.8.2/armv7-m/crtend.o
LOAD /usr/lib/gcc/arm-none-eabi/4.8.2/armv7-m/crtn.o
                0x0000000000002000                __stack_size__ = DEFINED (__stack_size__)?__stack_size__:0x2000
                0x0000000020087ffc                __ram_end__ = ((ORIGIN (ram) + 0x18000) - 0x4)

.text           0x0000000000080000     0x55a4
                0x0000000000080000                . = ALIGN (0x4)
                0x0000000000080000                _sfixed = .
 *(.vectors .vectors.*)
 .vectors       0x0000000000080000       0xf4 /media/sontung/SOURCE/opensource/Micrium/ArduinoDue/build/generated/UCOSIII/startup_sam3x.c.o
                0x0000000000080000                exception_table
 *(.text .text.* .gnu.linkonce.t.*)
 .text          0x00000000000800f4       0xc8 /usr/lib/gcc/arm-none-eabi/4.8.2/armv7-m/crtbegin.o
 .text          0x00000000000801bc       0x88 /media/sontung/SOURCE/opensource/Micrium/ArduinoDue/build/generated/UCOSIII/os_cpu_a.s.o
                0x00000000000801bc                OSStartHighRdy
                0x00000000000801da                OS_CPU_PendSVHandler
 .text.OSIdleTaskHook
                0x0000000000080244       0x10 /media/sontung/SOURCE/opensource/Micrium/ArduinoDue/build/generated/UCOSIII/os_cpu_c.c.o
                0x0000000000080244                OSIdleTaskHook
 .text.OSInitHook
                0x0000000000080254       0x34 /media/sontung/SOURCE/opensource/Micrium/ArduinoDue/build/generated/UCOSIII/os_cpu_c.c.o
                0x0000000000080254                OSInitHook
 .text.OSTaskCreateHook
                0x0000000000080288       0x10 /media/sontung/SOURCE/opensource/Micrium/ArduinoDue/build/generated/UCOSIII/os_cpu_c.c.o
                0x0000000000080288                OSTaskCreateHook
 .text.OSTaskDelHook
                0x0000000000080298       0x10 /media/sontung/SOURCE/opensource/Micrium/ArduinoDue/build/generated/UCOSIII/os_cpu_c.c.o
                0x0000000000080298                OSTaskDelHook
 .text.OSTaskReturnHook
                0x00000000000802a8       0x10 /media/sontung/SOURCE/opensource/Micrium/ArduinoDue/build/generated/UCOSIII/os_cpu_c.c.o
                0x00000000000802a8                OSTaskReturnHook
 .text.OSTaskStkInit
                0x00000000000802b8       0x80 /media/sontung/SOURCE/opensource/Micrium/ArduinoDue/build/generated/UCOSIII/os_cpu_c.c.o
                0x00000000000802b8                OSTaskStkInit
 .text.OSTaskSwHook
                0x0000000000080338       0x10 /media/sontung/SOURCE/opensource/Micrium/ArduinoDue/build/generated/UCOSIII/os_cpu_c.c.o
                0x0000000000080338                OSTaskSwHook
 .text.OSTimeTickHook
                0x0000000000080348       0x10 /media/sontung/SOURCE/opensource/Micrium/ArduinoDue/build/generated/UCOSIII/os_cpu_c.c.o
                0x0000000000080348                OSTimeTickHook
 .text.OS_CPU_SysTickHandler
                0x0000000000080358       0x24 /media/sontung/SOURCE/opensource/Micrium/ArduinoDue/build/generated/UCOSIII/os_cpu_c.c.o
                0x0000000000080358                OS_CPU_SysTickHandler
 .text.OS_CPU_SysTickInit
                0x000000000008037c       0x30 /media/sontung/SOURCE/opensource/Micrium/ArduinoDue/build/generated/UCOSIII/os_cpu_c.c.o
                0x000000000008037c                OS_CPU_SysTickInit
 .text.OSCfg_Init
                0x00000000000803ac        0x2 /media/sontung/SOURCE/opensource/Micrium/ArduinoDue/build/generated/UCOSIII/os_cfg_app.c.o
                0x00000000000803ac                OSCfg_Init
 *fill*         0x00000000000803ae        0x2 
 .text.OS_IdleTask
                0x00000000000803b0       0x1c /media/sontung/SOURCE/opensource/Micrium/ArduinoDue/build/generated/UCOSIII/os_core.c.o
                0x00000000000803b0                OS_IdleTask
 .text.OSIntExit
                0x00000000000803cc       0x80 /media/sontung/SOURCE/opensource/Micrium/ArduinoDue/build/generated/UCOSIII/os_core.c.o
                0x00000000000803cc                OSIntExit
 .text.OSSched  0x000000000008044c       0x6c /media/sontung/SOURCE/opensource/Micrium/ArduinoDue/build/generated/UCOSIII/os_core.c.o
                0x000000000008044c                OSSched
 .text.OSSchedLock
                0x00000000000804b8       0x4c /media/sontung/SOURCE/opensource/Micrium/ArduinoDue/build/generated/UCOSIII/os_core.c.o
                0x00000000000804b8                OSSchedLock
 .text.OSSchedUnlock
                0x0000000000080504       0x5c /media/sontung/SOURCE/opensource/Micrium/ArduinoDue/build/generated/UCOSIII/os_core.c.o
                0x0000000000080504                OSSchedUnlock
 .text.OSStart  0x0000000000080560       0x58 /media/sontung/SOURCE/opensource/Micrium/ArduinoDue/build/generated/UCOSIII/os_core.c.o
                0x0000000000080560                OSStart
 .text.OS_IdleTaskInit
                0x00000000000805b8       0x58 /media/sontung/SOURCE/opensource/Micrium/ArduinoDue/build/generated/UCOSIII/os_core.c.o
                0x00000000000805b8                OS_IdleTaskInit
 .text.OS_PendDataInit
                0x0000000000080610       0x36 /media/sontung/SOURCE/opensource/Micrium/ArduinoDue/build/generated/UCOSIII/os_core.c.o
                0x0000000000080610                OS_PendDataInit
 *fill*         0x0000000000080646        0x2 
 .text.OS_PendDbgNameAdd
                0x0000000000080648       0x3c /media/sontung/SOURCE/opensource/Micrium/ArduinoDue/build/generated/UCOSIII/os_core.c.o
                0x0000000000080648                OS_PendDbgNameAdd
 .text.OS_PendDbgNameRemove
                0x0000000000080684       0x18 /media/sontung/SOURCE/opensource/Micrium/ArduinoDue/build/generated/UCOSIII/os_core.c.o
                0x0000000000080684                OS_PendDbgNameRemove
 .text.OS_PendListInsertPrio
                0x000000000008069c       0x52 /media/sontung/SOURCE/opensource/Micrium/ArduinoDue/build/generated/UCOSIII/os_core.c.o
                0x000000000008069c                OS_PendListInsertPrio
 .text.OS_PendListRemove1
                0x00000000000806ee       0x32 /media/sontung/SOURCE/opensource/Micrium/ArduinoDue/build/generated/UCOSIII/os_core.c.o
                0x00000000000806ee                OS_PendListRemove1
 .text.OS_PendListRemove
                0x0000000000080720       0x22 /media/sontung/SOURCE/opensource/Micrium/ArduinoDue/build/generated/UCOSIII/os_core.c.o
                0x0000000000080720                OS_PendListRemove
 .text.OS_Post1
                0x0000000000080742       0x24 /media/sontung/SOURCE/opensource/Micrium/ArduinoDue/build/generated/UCOSIII/os_core.c.o
                0x0000000000080742                OS_Post1
 *fill*         0x0000000000080766        0x2 
 .text.OS_RdyListInit
                0x0000000000080768       0x1c /media/sontung/SOURCE/opensource/Micrium/ArduinoDue/build/generated/UCOSIII/os_core.c.o
                0x0000000000080768                OS_RdyListInit
 .text.OSInit   0x0000000000080784      0x12c /media/sontung/SOURCE/opensource/Micrium/ArduinoDue/build/generated/UCOSIII/os_core.c.o
                0x0000000000080784                OSInit
 .text.OS_RdyListInsertHead
                0x00000000000808b0       0x38 /media/sontung/SOURCE/opensource/Micrium/ArduinoDue/build/generated/UCOSIII/os_core.c.o
                0x00000000000808b0                OS_RdyListInsertHead
 .text.OS_RdyListInsertTail
                0x00000000000808e8       0x34 /media/sontung/SOURCE/opensource/Micrium/ArduinoDue/build/generated/UCOSIII/os_core.c.o
                0x00000000000808e8                OS_RdyListInsertTail
 .text.OS_RdyListInsert
                0x000000000008091c       0x30 /media/sontung/SOURCE/opensource/Micrium/ArduinoDue/build/generated/UCOSIII/os_core.c.o
                0x000000000008091c                OS_RdyListInsert
 .text.OS_RdyListRemove
                0x000000000008094c       0x50 /media/sontung/SOURCE/opensource/Micrium/ArduinoDue/build/generated/UCOSIII/os_core.c.o
                0x000000000008094c                OS_RdyListRemove
 .text.OS_TaskBlock
                0x000000000008099c       0x2a /media/sontung/SOURCE/opensource/Micrium/ArduinoDue/build/generated/UCOSIII/os_core.c.o
                0x000000000008099c                OS_TaskBlock
 *fill*         0x00000000000809c6        0x2 
 .text.OS_Pend  0x00000000000809c8       0x4c /media/sontung/SOURCE/opensource/Micrium/ArduinoDue/build/generated/UCOSIII/os_core.c.o
                0x00000000000809c8                OS_Pend
 .text.OS_TaskRdy
                0x0000000000080a14       0x1c /media/sontung/SOURCE/opensource/Micrium/ArduinoDue/build/generated/UCOSIII/os_core.c.o
                0x0000000000080a14                OS_TaskRdy
 .text.OS_Post  0x0000000000080a30       0x9c /media/sontung/SOURCE/opensource/Micrium/ArduinoDue/build/generated/UCOSIII/os_core.c.o
                0x0000000000080a30                OS_Post
 .text.OS_Dbg_Init
                0x0000000000080acc        0x2 /media/sontung/SOURCE/opensource/Micrium/ArduinoDue/build/generated/UCOSIII/os_dbg.c.o
                0x0000000000080acc                OS_Dbg_Init
 *fill*         0x0000000000080ace        0x2 
 .text.OS_FlagInit
                0x0000000000080ad0       0x18 /media/sontung/SOURCE/opensource/Micrium/ArduinoDue/build/generated/UCOSIII/os_flag.c.o
                0x0000000000080ad0                OS_FlagInit
 .text.OS_MemInit
                0x0000000000080ae8       0x18 /media/sontung/SOURCE/opensource/Micrium/ArduinoDue/build/generated/UCOSIII/os_mem.c.o
                0x0000000000080ae8                OS_MemInit
 .text.OS_MsgPoolInit
                0x0000000000080b00       0x6c /media/sontung/SOURCE/opensource/Micrium/ArduinoDue/build/generated/UCOSIII/os_msg.c.o
                0x0000000000080b00                OS_MsgPoolInit
 .text.OS_MsgQFreeAll
                0x0000000000080b6c       0x30 /media/sontung/SOURCE/opensource/Micrium/ArduinoDue/build/generated/UCOSIII/os_msg.c.o
                0x0000000000080b6c                OS_MsgQFreeAll
 .text.OS_MsgQInit
                0x0000000000080b9c        0xe /media/sontung/SOURCE/opensource/Micrium/ArduinoDue/build/generated/UCOSIII/os_msg.c.o
                0x0000000000080b9c                OS_MsgQInit
 *fill*         0x0000000000080baa        0x2 
 .text.OS_MutexInit
                0x0000000000080bac       0x18 /media/sontung/SOURCE/opensource/Micrium/ArduinoDue/build/generated/UCOSIII/os_mutex.c.o
                0x0000000000080bac                OS_MutexInit
 .text.OS_PrioInit
                0x0000000000080bc4       0x10 /media/sontung/SOURCE/opensource/Micrium/ArduinoDue/build/generated/UCOSIII/os_prio.c.o
                0x0000000000080bc4                OS_PrioInit
 .text.OS_PrioGetHighest
                0x0000000000080bd4       0x24 /media/sontung/SOURCE/opensource/Micrium/ArduinoDue/build/generated/UCOSIII/os_prio.c.o
                0x0000000000080bd4                OS_PrioGetHighest
 .text.OS_PrioInsert
                0x0000000000080bf8       0x24 /media/sontung/SOURCE/opensource/Micrium/ArduinoDue/build/generated/UCOSIII/os_prio.c.o
                0x0000000000080bf8                OS_PrioInsert
 .text.OS_PrioRemove
                0x0000000000080c1c       0x24 /media/sontung/SOURCE/opensource/Micrium/ArduinoDue/build/generated/UCOSIII/os_prio.c.o
                0x0000000000080c1c                OS_PrioRemove
 .text.OS_QInit
                0x0000000000080c40       0x18 /media/sontung/SOURCE/opensource/Micrium/ArduinoDue/build/generated/UCOSIII/os_q.c.o
                0x0000000000080c40                OS_QInit
 .text.OS_SemInit
                0x0000000000080c58       0x18 /media/sontung/SOURCE/opensource/Micrium/ArduinoDue/build/generated/UCOSIII/os_sem.c.o
                0x0000000000080c58                OS_SemInit
 .text.OSTaskSemPend
                0x0000000000080c70       0xec /media/sontung/SOURCE/opensource/Micrium/ArduinoDue/build/generated/UCOSIII/os_task.c.o
                0x0000000000080c70                OSTaskSemPend
 .text.OS_TaskDbgListAdd
                0x0000000000080d5c       0x1c /media/sontung/SOURCE/opensource/Micrium/ArduinoDue/build/generated/UCOSIII/os_task.c.o
                0x0000000000080d5c                OS_TaskDbgListAdd
 .text.OS_TaskDbgListRemove
                0x0000000000080d78       0x38 /media/sontung/SOURCE/opensource/Micrium/ArduinoDue/build/generated/UCOSIII/os_task.c.o
                0x0000000000080d78                OS_TaskDbgListRemove
 .text.OS_TaskInit
                0x0000000000080db0       0x20 /media/sontung/SOURCE/opensource/Micrium/ArduinoDue/build/generated/UCOSIII/os_task.c.o
                0x0000000000080db0                OS_TaskInit
 .text.OS_TaskInitTCB
                0x0000000000080dd0       0x88 /media/sontung/SOURCE/opensource/Micrium/ArduinoDue/build/generated/UCOSIII/os_task.c.o
                0x0000000000080dd0                OS_TaskInitTCB
 .text.OSTaskCreate
                0x0000000000080e58      0x158 /media/sontung/SOURCE/opensource/Micrium/ArduinoDue/build/generated/UCOSIII/os_task.c.o
                0x0000000000080e58                OSTaskCreate
 .text.OSTaskDel
                0x0000000000080fb0       0xd4 /media/sontung/SOURCE/opensource/Micrium/ArduinoDue/build/generated/UCOSIII/os_task.c.o
                0x0000000000080fb0                OSTaskDel
 .text.OS_TaskReturn
                0x0000000000081084       0x20 /media/sontung/SOURCE/opensource/Micrium/ArduinoDue/build/generated/UCOSIII/os_task.c.o
                0x0000000000081084                OS_TaskReturn
 .text.OS_TaskSemPost
                0x00000000000810a4       0xc0 /media/sontung/SOURCE/opensource/Micrium/ArduinoDue/build/generated/UCOSIII/os_task.c.o
                0x00000000000810a4                OS_TaskSemPost
 .text.OSTaskSemPost
                0x0000000000081164       0x2e /media/sontung/SOURCE/opensource/Micrium/ArduinoDue/build/generated/UCOSIII/os_task.c.o
                0x0000000000081164                OSTaskSemPost
 *fill*         0x0000000000081192        0x2 
 .text.OS_TickListInit
                0x0000000000081194       0x30 /media/sontung/SOURCE/opensource/Micrium/ArduinoDue/build/generated/UCOSIII/os_tick.c.o
                0x0000000000081194                OS_TickListInit
 .text.OS_TickTaskInit
                0x00000000000811c4       0x94 /media/sontung/SOURCE/opensource/Micrium/ArduinoDue/build/generated/UCOSIII/os_tick.c.o
                0x00000000000811c4                OS_TickTaskInit
 .text.OS_TickListInsert
                0x0000000000081258       0xdc /media/sontung/SOURCE/opensource/Micrium/ArduinoDue/build/generated/UCOSIII/os_tick.c.o
                0x0000000000081258                OS_TickListInsert
 .text.OS_TickListRemove
                0x0000000000081334       0x30 /media/sontung/SOURCE/opensource/Micrium/ArduinoDue/build/generated/UCOSIII/os_tick.c.o
                0x0000000000081334                OS_TickListRemove
 .text.OS_TickListUpdate
                0x0000000000081364      0x110 /media/sontung/SOURCE/opensource/Micrium/ArduinoDue/build/generated/UCOSIII/os_tick.c.o
                0x0000000000081364                OS_TickListUpdate
 .text.OS_TickTask
                0x0000000000081474       0x2c /media/sontung/SOURCE/opensource/Micrium/ArduinoDue/build/generated/UCOSIII/os_tick.c.o
                0x0000000000081474                OS_TickTask
 .text.OSTimeDlyHMSM
                0x00000000000814a0      0x114 /media/sontung/SOURCE/opensource/Micrium/ArduinoDue/build/generated/UCOSIII/os_time.c.o
                0x00000000000814a0                OSTimeDlyHMSM
 .text.OSTimeTick
                0x00000000000815b4       0x44 /media/sontung/SOURCE/opensource/Micrium/ArduinoDue/build/generated/UCOSIII/os_time.c.o
                0x00000000000815b4                OSTimeTick
 .text.OS_TmrInit
                0x00000000000815f8       0xf4 /media/sontung/SOURCE/opensource/Micrium/ArduinoDue/build/generated/UCOSIII/os_tmr.c.o
                0x00000000000815f8                OS_TmrInit
 .text.OS_TmrLink
                0x00000000000816ec       0xa0 /media/sontung/SOURCE/opensource/Micrium/ArduinoDue/build/generated/UCOSIII/os_tmr.c.o
                0x00000000000816ec                OS_TmrLink
 .text.OS_TmrUnlink
                0x000000000008178c       0x54 /media/sontung/SOURCE/opensource/Micrium/ArduinoDue/build/generated/UCOSIII/os_tmr.c.o
                0x000000000008178c                OS_TmrUnlink
 .text.OS_TmrTask
                0x00000000000817e0       0x9c /media/sontung/SOURCE/opensource/Micrium/ArduinoDue/build/generated/UCOSIII/os_tmr.c.o
                0x00000000000817e0                OS_TmrTask
 .text.Math_RandSetSeed
                0x000000000008187c       0x18 /media/sontung/SOURCE/opensource/Micrium/ArduinoDue/build/generated/UCOSIII/lib_math.c.o
                0x000000000008187c                Math_RandSetSeed
 .text.Math_Init
                0x0000000000081894        0x6 /media/sontung/SOURCE/opensource/Micrium/ArduinoDue/build/generated/UCOSIII/lib_math.c.o
                0x0000000000081894                Math_Init
 *fill*         0x000000000008189a        0x2 
 .text.Mem_Init
                0x000000000008189c       0x44 /media/sontung/SOURCE/opensource/Micrium/ArduinoDue/build/generated/UCOSIII/lib_mem.c.o
                0x000000000008189c                Mem_Init
 .text.Mem_Set  0x00000000000818e0       0x52 /media/sontung/SOURCE/opensource/Micrium/ArduinoDue/build/generated/UCOSIII/lib_mem.c.o
                0x00000000000818e0                Mem_Set
 .text.Mem_Clr  0x0000000000081932        0x8 /media/sontung/SOURCE/opensource/Micrium/ArduinoDue/build/generated/UCOSIII/lib_mem.c.o
                0x0000000000081932                Mem_Clr
 .text.Str_Len_N
                0x000000000008193a       0x1a /media/sontung/SOURCE/opensource/Micrium/ArduinoDue/build/generated/UCOSIII/lib_str.c.o
                0x000000000008193a                Str_Len_N
 .text.Str_Copy_N
                0x0000000000081954       0x36 /media/sontung/SOURCE/opensource/Micrium/ArduinoDue/build/generated/UCOSIII/lib_str.c.o
                0x0000000000081954                Str_Copy_N
 *fill*         0x000000000008198a        0x2 
 .text.CPU_NameClr
                0x000000000008198c       0x20 /media/sontung/SOURCE/opensource/Micrium/ArduinoDue/build/generated/UCOSIII/cpu_core.c.o
                0x000000000008198c                CPU_NameClr
 .text.CPU_Init
                0x00000000000819ac       0x18 /media/sontung/SOURCE/opensource/Micrium/ArduinoDue/build/generated/UCOSIII/cpu_core.c.o
                0x00000000000819ac                CPU_Init
 .text.CPU_NameSet
                0x00000000000819c4       0x40 /media/sontung/SOURCE/opensource/Micrium/ArduinoDue/build/generated/UCOSIII/cpu_core.c.o
                0x00000000000819c4                CPU_NameSet
 .text.CPU_TS_TmrFreqSet
                0x0000000000081a04        0xc /media/sontung/SOURCE/opensource/Micrium/ArduinoDue/build/generated/UCOSIII/cpu_core.c.o
                0x0000000000081a04                CPU_TS_TmrFreqSet
 .text          0x0000000000081a10       0x34 /media/sontung/SOURCE/opensource/Micrium/ArduinoDue/build/generated/UCOSIII/cpu_a.s.o
                0x0000000000081a10                CPU_IntDis
                0x0000000000081a14                CPU_IntEn
                0x0000000000081a18                CPU_SR_Save
                0x0000000000081a20                CPU_SR_Restore
                0x0000000000081a26                CPU_WaitForInt
                0x0000000000081a2a                CPU_WaitForExcept
                0x0000000000081a2e                CPU_CntLeadZeros
                0x0000000000081a34                CPU_CntTrailZeros
                0x0000000000081a3e                CPU_RevBits
 .text.Reset_Handler
                0x0000000000081a44       0x78 /media/sontung/SOURCE/opensource/Micrium/ArduinoDue/build/generated/UCOSIII/startup_sam3x.c.o
                0x0000000000081a44                Reset_Handler
 .text.Dummy_Handler
                0x0000000000081abc        0x2 /media/sontung/SOURCE/opensource/Micrium/ArduinoDue/build/generated/UCOSIII/exceptions.c.o
                0x0000000000081abc                DACC_Handler
                0x0000000000081abc                DebugMon_Handler
                0x0000000000081abc                DMAC_Handler
                0x0000000000081abc                TRNG_Handler
                0x0000000000081abc                HardFault_Handler
                0x0000000000081abc                TC2_Handler
                0x0000000000081abc                SysTick_Handler
                0x0000000000081abc                USART3_Handler
                0x0000000000081abc                TWI1_Handler
                0x0000000000081abc                PendSV_Handler
                0x0000000000081abc                NMI_Handler
                0x0000000000081abc                TC7_Handler
                0x0000000000081abc                ADC_Handler
                0x0000000000081abc                SMC_Handler
                0x0000000000081abc                USART0_Handler
                0x0000000000081abc                RTT_Handler
                0x0000000000081abc                EFC1_Handler
                0x0000000000081abc                RTC_Handler
                0x0000000000081abc                UsageFault_Handler
                0x0000000000081abc                TC6_Handler
                0x0000000000081abc                WDT_Handler
                0x0000000000081abc                CAN0_Handler
                0x0000000000081abc                TC4_Handler
                0x0000000000081abc                TC1_Handler
                0x0000000000081abc                HSMCI_Handler
                0x0000000000081abc                TC3_Handler
                0x0000000000081abc                Dummy_Handler
                0x0000000000081abc                TWI0_Handler
                0x0000000000081abc                USART1_Handler
                0x0000000000081abc                SSC_Handler
                0x0000000000081abc                EFC0_Handler
                0x0000000000081abc                PMC_Handler
                0x0000000000081abc                PWM_Handler
                0x0000000000081abc                CAN1_Handler
                0x0000000000081abc                MemManage_Handler
                0x0000000000081abc                SUPC_Handler
                0x0000000000081abc                SVC_Handler
                0x0000000000081abc                TC8_Handler
                0x0000000000081abc                USART2_Handler
                0x0000000000081abc                EMAC_Handler
                0x0000000000081abc                UART_Handler
                0x0000000000081abc                BusFault_Handler
                0x0000000000081abc                RSTC_Handler
                0x0000000000081abc                TC0_Handler
                0x0000000000081abc                TC5_Handler
                0x0000000000081abc                UOTGHS_Handler
                0x0000000000081abc                SPI0_Handler
 *fill*         0x0000000000081abe        0x2 
 .text.SystemCoreClockUpdate
                0x0000000000081ac0       0xd0 /media/sontung/SOURCE/opensource/Micrium/ArduinoDue/build/generated/UCOSIII/system_sam3x.c.o
                0x0000000000081ac0                SystemCoreClockUpdate
 .text.usart_serial_getchar
                0x0000000000081b90       0x88 /media/sontung/SOURCE/opensource/Micrium/ArduinoDue/build/generated/UCOSIII/bsp.c.o
 .text.usart_serial_putchar
                0x0000000000081c18       0x84 /media/sontung/SOURCE/opensource/Micrium/ArduinoDue/build/generated/UCOSIII/bsp.c.o
 .text.CPU_TS_TmrInit
                0x0000000000081c9c        0x6 /media/sontung/SOURCE/opensource/Micrium/ArduinoDue/build/generated/UCOSIII/bsp.c.o
                0x0000000000081c9c                CPU_TS_TmrInit
 .text.CPU_TS_TmrRd
                0x0000000000081ca2        0x4 /media/sontung/SOURCE/opensource/Micrium/ArduinoDue/build/generated/UCOSIII/bsp.c.o
                0x0000000000081ca2                CPU_TS_TmrRd
 *fill*         0x0000000000081ca6        0x2 
 .text.board_init_rtos
                0x0000000000081ca8       0xd8 /media/sontung/SOURCE/opensource/Micrium/ArduinoDue/build/generated/UCOSIII/bsp.c.o
                0x0000000000081ca8                board_init_rtos
 .text.Due_BSP_Init
                0x0000000000081d80       0x18 /media/sontung/SOURCE/opensource/Micrium/ArduinoDue/build/generated/UCOSIII/bsp.c.o
                0x0000000000081d80                Due_BSP_Init
 .text.AppTaskStart
                0x0000000000081d98       0x3c /media/sontung/SOURCE/opensource/Micrium/ArduinoDue/build/generated/UCOSIII/app.c.o
 .text.startup.main
                0x0000000000081dd4       0x6c /media/sontung/SOURCE/opensource/Micrium/ArduinoDue/build/generated/UCOSIII/app.c.o
                0x0000000000081dd4                main
 .text.sysclk_init
                0x0000000000081e40       0x4c /media/sontung/SOURCE/opensource/Micrium/ArduinoDue/build/generated/Atmel/sysclk.c.o
                0x0000000000081e40                sysclk_init
 .text._read    0x0000000000081e8c       0x38 /media/sontung/SOURCE/opensource/Micrium/ArduinoDue/build/generated/Atmel/read.c.o
                0x0000000000081e8c                _read
 .text._write   0x0000000000081ec4       0x38 /media/sontung/SOURCE/opensource/Micrium/ArduinoDue/build/generated/Atmel/write.c.o
                0x0000000000081ec4                _write
 .text.board_init
                0x0000000000081efc       0x88 /media/sontung/SOURCE/opensource/Micrium/ArduinoDue/build/generated/Atmel/init.c.o
                0x0000000000081efc                board_init
 .text.pio_set_peripheral
                0x0000000000081f84       0x3c /media/sontung/SOURCE/opensource/Micrium/ArduinoDue/build/generated/Atmel/pio.c.o
                0x0000000000081f84                pio_set_peripheral
 .text.pio_set_input
                0x0000000000081fc0       0x2c /media/sontung/SOURCE/opensource/Micrium/ArduinoDue/build/generated/Atmel/pio.c.o
                0x0000000000081fc0                pio_set_input
 .text.pio_set_output
                0x0000000000081fec       0x24 /media/sontung/SOURCE/opensource/Micrium/ArduinoDue/build/generated/Atmel/pio.c.o
                0x0000000000081fec                pio_set_output
 .text.pio_get_interrupt_status
                0x0000000000082010        0x4 /media/sontung/SOURCE/opensource/Micrium/ArduinoDue/build/generated/Atmel/pio.c.o
                0x0000000000082010                pio_get_interrupt_status
 .text.pio_get_interrupt_mask
                0x0000000000082014        0x4 /media/sontung/SOURCE/opensource/Micrium/ArduinoDue/build/generated/Atmel/pio.c.o
                0x0000000000082014                pio_get_interrupt_mask
 .text.pio_toggle_pin
                0x0000000000082018       0x22 /media/sontung/SOURCE/opensource/Micrium/ArduinoDue/build/generated/Atmel/pio.c.o
                0x0000000000082018                pio_toggle_pin
 .text.pio_configure_pin
                0x000000000008203a       0xb8 /media/sontung/SOURCE/opensource/Micrium/ArduinoDue/build/generated/Atmel/pio.c.o
                0x000000000008203a                pio_configure_pin
 .text.pio_configure_pin_group
                0x00000000000820f2       0x7a /media/sontung/SOURCE/opensource/Micrium/ArduinoDue/build/generated/Atmel/pio.c.o
                0x00000000000820f2                pio_configure_pin_group
 .text.pio_handler_process
                0x000000000008216c       0x4c /media/sontung/SOURCE/opensource/Micrium/ArduinoDue/build/generated/Atmel/pio_handler.c.o
                0x000000000008216c                pio_handler_process
 .text.PIOA_Handler
                0x00000000000821b8        0xc /media/sontung/SOURCE/opensource/Micrium/ArduinoDue/build/generated/Atmel/pio_handler.c.o
                0x00000000000821b8                PIOA_Handler
 .text.PIOB_Handler
                0x00000000000821c4        0xc /media/sontung/SOURCE/opensource/Micrium/ArduinoDue/build/generated/Atmel/pio_handler.c.o
                0x00000000000821c4                PIOB_Handler
 .text.PIOC_Handler
                0x00000000000821d0        0xc /media/sontung/SOURCE/opensource/Micrium/ArduinoDue/build/generated/Atmel/pio_handler.c.o
                0x00000000000821d0                PIOC_Handler
 .text.PIOD_Handler
                0x00000000000821dc        0xc /media/sontung/SOURCE/opensource/Micrium/ArduinoDue/build/generated/Atmel/pio_handler.c.o
                0x00000000000821dc                PIOD_Handler
 .text.pmc_switch_mck_to_pllack
                0x00000000000821e8       0x48 /media/sontung/SOURCE/opensource/Micrium/ArduinoDue/build/generated/Atmel/pmc.c.o
                0x00000000000821e8                pmc_switch_mck_to_pllack
 .text.pmc_switch_mainck_to_xtal
                0x0000000000082230       0x4c /media/sontung/SOURCE/opensource/Micrium/ArduinoDue/build/generated/Atmel/pmc.c.o
                0x0000000000082230                pmc_switch_mainck_to_xtal
 .text.pmc_osc_is_ready_mainck
                0x000000000008227c       0x10 /media/sontung/SOURCE/opensource/Micrium/ArduinoDue/build/generated/Atmel/pmc.c.o
                0x000000000008227c                pmc_osc_is_ready_mainck
 .text.pmc_disable_pllack
                0x000000000008228c       0x10 /media/sontung/SOURCE/opensource/Micrium/ArduinoDue/build/generated/Atmel/pmc.c.o
                0x000000000008228c                pmc_disable_pllack
 .text.pmc_is_locked_pllack
                0x000000000008229c       0x10 /media/sontung/SOURCE/opensource/Micrium/ArduinoDue/build/generated/Atmel/pmc.c.o
                0x000000000008229c                pmc_is_locked_pllack
 .text.pmc_enable_periph_clk
                0x00000000000822ac       0x44 /media/sontung/SOURCE/opensource/Micrium/ArduinoDue/build/generated/Atmel/pmc.c.o
                0x00000000000822ac                pmc_enable_periph_clk
 .text.uart_init
                0x00000000000822f0       0x34 /media/sontung/SOURCE/opensource/Micrium/ArduinoDue/build/generated/Atmel/uart.c.o
                0x00000000000822f0                uart_init
 .text.uart_write
                0x0000000000082324       0x10 /media/sontung/SOURCE/opensource/Micrium/ArduinoDue/build/generated/Atmel/uart.c.o
                0x0000000000082324                uart_write
 .text.uart_read
                0x0000000000082334       0x12 /media/sontung/SOURCE/opensource/Micrium/ArduinoDue/build/generated/Atmel/uart.c.o
                0x0000000000082334                uart_read
 .text.usart_write
                0x0000000000082346       0x14 /media/sontung/SOURCE/opensource/Micrium/ArduinoDue/build/generated/Atmel/usart.c.o
                0x0000000000082346                usart_write
 .text.usart_read
                0x000000000008235a       0x16 /media/sontung/SOURCE/opensource/Micrium/ArduinoDue/build/generated/Atmel/usart.c.o
                0x000000000008235a                usart_read
 .text.wdt_disable
                0x0000000000082370        0x8 /media/sontung/SOURCE/opensource/Micrium/ArduinoDue/build/generated/Atmel/wdt.c.o
                0x0000000000082370                wdt_disable
 .text._sbrk    0x0000000000082378       0x30 /media/sontung/SOURCE/opensource/Micrium/ArduinoDue/build/generated/Atmel/syscalls.c.o
                0x0000000000082378                _sbrk
 .text._close   0x00000000000823a8        0x6 /media/sontung/SOURCE/opensource/Micrium/ArduinoDue/build/generated/Atmel/syscalls.c.o
                0x00000000000823a8                _close
 .text._fstat   0x00000000000823ae        0xa /media/sontung/SOURCE/opensource/Micrium/ArduinoDue/build/generated/Atmel/syscalls.c.o
                0x00000000000823ae                _fstat
 .text._isatty  0x00000000000823b8        0x4 /media/sontung/SOURCE/opensource/Micrium/ArduinoDue/build/generated/Atmel/syscalls.c.o
                0x00000000000823b8                _isatty
 .text._lseek   0x00000000000823bc        0x4 /media/sontung/SOURCE/opensource/Micrium/ArduinoDue/build/generated/Atmel/syscalls.c.o
                0x00000000000823bc                _lseek
 .text.atexit   0x00000000000823c0        0xc /usr/lib/gcc/arm-none-eabi/4.8.2/../../../arm-none-eabi/lib/armv7-m/libc.a(lib_a-atexit.o)
                0x00000000000823c0                atexit
 .text.__libc_fini_array
                0x00000000000823cc       0x34 /usr/lib/gcc/arm-none-eabi/4.8.2/../../../arm-none-eabi/lib/armv7-m/libc.a(lib_a-fini.o)
                0x00000000000823cc                __libc_fini_array
 .text.__libc_init_array
                0x0000000000082400       0x5c /usr/lib/gcc/arm-none-eabi/4.8.2/../../../arm-none-eabi/lib/armv7-m/libc.a(lib_a-init.o)
                0x0000000000082400                __libc_init_array
 .text.iprintf  0x000000000008245c       0x2c /usr/lib/gcc/arm-none-eabi/4.8.2/../../../arm-none-eabi/lib/armv7-m/libc.a(lib_a-iprintf.o)
                0x000000000008245c                iprintf
 .text          0x0000000000082488       0xec /usr/lib/gcc/arm-none-eabi/4.8.2/../../../arm-none-eabi/lib/armv7-m/libc.a(lib_a-memcpy.o)
                0x0000000000082488                memcpy
 .text.memset   0x0000000000082574       0x94 /usr/lib/gcc/arm-none-eabi/4.8.2/../../../arm-none-eabi/lib/armv7-m/libc.a(lib_a-memset.o)
                0x0000000000082574                memset
 .text.setbuf   0x0000000000082608       0x10 /usr/lib/gcc/arm-none-eabi/4.8.2/../../../arm-none-eabi/lib/armv7-m/libc.a(lib_a-setbuf.o)
                0x0000000000082608                setbuf
 .text.setvbuf  0x0000000000082618      0x114 /usr/lib/gcc/arm-none-eabi/4.8.2/../../../arm-none-eabi/lib/armv7-m/libc.a(lib_a-setvbuf.o)
                0x0000000000082618                setvbuf
 .text.__sprint_r.part.0
                0x000000000008272c       0x7c /usr/lib/gcc/arm-none-eabi/4.8.2/../../../arm-none-eabi/lib/armv7-m/libc.a(lib_a-vfiprintf.o)
 .text._vfiprintf_r
                0x00000000000827a8      0xc04 /usr/lib/gcc/arm-none-eabi/4.8.2/../../../arm-none-eabi/lib/armv7-m/libc.a(lib_a-vfiprintf.o)
                0x00000000000827a8                _vfiprintf_r
 .text.__sbprintf
                0x00000000000833ac       0x7c /usr/lib/gcc/arm-none-eabi/4.8.2/../../../arm-none-eabi/lib/armv7-m/libc.a(lib_a-vfiprintf.o)
 .text.__swsetup_r
                0x0000000000083428       0xc8 /usr/lib/gcc/arm-none-eabi/4.8.2/../../../arm-none-eabi/lib/armv7-m/libc.a(lib_a-wsetup.o)
                0x0000000000083428                __swsetup_r
 .text.__register_exitproc
                0x00000000000834f0       0xac /usr/lib/gcc/arm-none-eabi/4.8.2/../../../arm-none-eabi/lib/armv7-m/libc.a(lib_a-__atexit.o)
                0x00000000000834f0                __register_exitproc
 .text.startup.register_fini
                0x000000000008359c       0x18 /usr/lib/gcc/arm-none-eabi/4.8.2/../../../arm-none-eabi/lib/armv7-m/libc.a(lib_a-__call_atexit.o)
 .text.__sflush_r
                0x00000000000835b4      0x14c /usr/lib/gcc/arm-none-eabi/4.8.2/../../../arm-none-eabi/lib/armv7-m/libc.a(lib_a-fflush.o)
                0x00000000000835b4                __sflush_r
 .text._fflush_r
                0x0000000000083700       0x2c /usr/lib/gcc/arm-none-eabi/4.8.2/../../../arm-none-eabi/lib/armv7-m/libc.a(lib_a-fflush.o)
                0x0000000000083700                _fflush_r
 .text._cleanup_r
                0x000000000008372c        0xc /usr/lib/gcc/arm-none-eabi/4.8.2/../../../arm-none-eabi/lib/armv7-m/libc.a(lib_a-findfp.o)
                0x000000000008372c                _cleanup_r
 .text.__sinit  0x0000000000083738       0xf8 /usr/lib/gcc/arm-none-eabi/4.8.2/../../../arm-none-eabi/lib/armv7-m/libc.a(lib_a-findfp.o)
                0x0000000000083738                __sinit
 .text.__sfp_lock_acquire
                0x0000000000083830        0x4 /usr/lib/gcc/arm-none-eabi/4.8.2/../../../arm-none-eabi/lib/armv7-m/libc.a(lib_a-findfp.o)
                0x0000000000083830                __sfp_lock_acquire
 .text.__sfp_lock_release
                0x0000000000083834        0x4 /usr/lib/gcc/arm-none-eabi/4.8.2/../../../arm-none-eabi/lib/armv7-m/libc.a(lib_a-findfp.o)
                0x0000000000083834                __sfp_lock_release
 .text._fputwc_r
                0x0000000000083838       0xc0 /usr/lib/gcc/arm-none-eabi/4.8.2/../../../arm-none-eabi/lib/armv7-m/libc.a(lib_a-fputwc.o)
                0x0000000000083838                _fputwc_r
 .text._malloc_trim_r
                0x00000000000838f8       0xa4 /usr/lib/gcc/arm-none-eabi/4.8.2/../../../arm-none-eabi/lib/armv7-m/libc.a(lib_a-freer.o)
                0x00000000000838f8                _malloc_trim_r
 .text._free_r  0x000000000008399c      0x198 /usr/lib/gcc/arm-none-eabi/4.8.2/../../../arm-none-eabi/lib/armv7-m/libc.a(lib_a-freer.o)
                0x000000000008399c                _free_r
 .text.__sfvwrite_r
                0x0000000000083b34      0x314 /usr/lib/gcc/arm-none-eabi/4.8.2/../../../arm-none-eabi/lib/armv7-m/libc.a(lib_a-fvwrite.o)
                0x0000000000083b34                __sfvwrite_r
 .text._fwalk   0x0000000000083e48       0x48 /usr/lib/gcc/arm-none-eabi/4.8.2/../../../arm-none-eabi/lib/armv7-m/libc.a(lib_a-fwalk.o)
                0x0000000000083e48                _fwalk
 .text.__locale_charset
                0x0000000000083e90        0xc /usr/lib/gcc/arm-none-eabi/4.8.2/../../../arm-none-eabi/lib/armv7-m/libc.a(lib_a-locale.o)
                0x0000000000083e90                __locale_charset
 .text.__locale_mb_cur_max
                0x0000000000083e9c        0xc /usr/lib/gcc/arm-none-eabi/4.8.2/../../../arm-none-eabi/lib/armv7-m/libc.a(lib_a-locale.o)
                0x0000000000083e9c                __locale_mb_cur_max
 .text.__smakebuf_r
                0x0000000000083ea8       0xe4 /usr/lib/gcc/arm-none-eabi/4.8.2/../../../arm-none-eabi/lib/armv7-m/libc.a(lib_a-makebuf.o)
                0x0000000000083ea8                __smakebuf_r
 .text.malloc   0x0000000000083f8c       0x10 /usr/lib/gcc/arm-none-eabi/4.8.2/../../../arm-none-eabi/lib/armv7-m/libc.a(lib_a-malloc.o)
                0x0000000000083f8c                malloc
 .text._malloc_r
                0x0000000000083f9c      0x564 /usr/lib/gcc/arm-none-eabi/4.8.2/../../../arm-none-eabi/lib/armv7-m/libc.a(lib_a-mallocr.o)
                0x0000000000083f9c                _malloc_r
 .text.memchr   0x0000000000084500       0x94 /usr/lib/gcc/arm-none-eabi/4.8.2/../../../arm-none-eabi/lib/armv7-m/libc.a(lib_a-memchr-stub.o)
                0x0000000000084500                memchr
 .text.memmove  0x0000000000084594       0xcc /usr/lib/gcc/arm-none-eabi/4.8.2/../../../arm-none-eabi/lib/armv7-m/libc.a(lib_a-memmove.o)
                0x0000000000084594                memmove
 .text.__malloc_lock
                0x0000000000084660        0x4 /usr/lib/gcc/arm-none-eabi/4.8.2/../../../arm-none-eabi/lib/armv7-m/libc.a(lib_a-mlock.o)
                0x0000000000084660                __malloc_lock
 .text.__malloc_unlock
                0x0000000000084664        0x4 /usr/lib/gcc/arm-none-eabi/4.8.2/../../../arm-none-eabi/lib/armv7-m/libc.a(lib_a-mlock.o)
                0x0000000000084664                __malloc_unlock
 .text._realloc_r
                0x0000000000084668      0x3e4 /usr/lib/gcc/arm-none-eabi/4.8.2/../../../arm-none-eabi/lib/armv7-m/libc.a(lib_a-reallocr.o)
                0x0000000000084668                _realloc_r
 .text._sbrk_r  0x0000000000084a4c       0x28 /usr/lib/gcc/arm-none-eabi/4.8.2/../../../arm-none-eabi/lib/armv7-m/libc.a(lib_a-sbrkr.o)
                0x0000000000084a4c                _sbrk_r
 .text.__sread  0x0000000000084a74       0x24 /usr/lib/gcc/arm-none-eabi/4.8.2/../../../arm-none-eabi/lib/armv7-m/libc.a(lib_a-stdio.o)
                0x0000000000084a74                __sread
 .text.__swrite
                0x0000000000084a98       0x38 /usr/lib/gcc/arm-none-eabi/4.8.2/../../../arm-none-eabi/lib/armv7-m/libc.a(lib_a-stdio.o)
                0x0000000000084a98                __swrite
 .text.__sseek  0x0000000000084ad0       0x20 /usr/lib/gcc/arm-none-eabi/4.8.2/../../../arm-none-eabi/lib/armv7-m/libc.a(lib_a-stdio.o)
                0x0000000000084ad0                __sseek
 .text.__sclose
                0x0000000000084af0        0x8 /usr/lib/gcc/arm-none-eabi/4.8.2/../../../arm-none-eabi/lib/armv7-m/libc.a(lib_a-stdio.o)
                0x0000000000084af0                __sclose
 .text.strlen   0x0000000000084af8       0x60 /usr/lib/gcc/arm-none-eabi/4.8.2/../../../arm-none-eabi/lib/armv7-m/libc.a(lib_a-strlen.o)
                0x0000000000084af8                strlen
 .text.__swbuf_r
                0x0000000000084b58       0xa4 /usr/lib/gcc/arm-none-eabi/4.8.2/../../../arm-none-eabi/lib/armv7-m/libc.a(lib_a-wbuf.o)
                0x0000000000084b58                __swbuf_r
 .text._wcrtomb_r
                0x0000000000084bfc       0x58 /usr/lib/gcc/arm-none-eabi/4.8.2/../../../arm-none-eabi/lib/armv7-m/libc.a(lib_a-wcrtomb.o)
                0x0000000000084bfc                _wcrtomb_r
 .text.__ascii_wctomb
                0x0000000000084c54       0x1c /usr/lib/gcc/arm-none-eabi/4.8.2/../../../arm-none-eabi/lib/armv7-m/libc.a(lib_a-wctomb_r.o)
                0x0000000000084c54                __ascii_wctomb
 .text._write_r
                0x0000000000084c70       0x2c /usr/lib/gcc/arm-none-eabi/4.8.2/../../../arm-none-eabi/lib/armv7-m/libc.a(lib_a-writer.o)
                0x0000000000084c70                _write_r
 .text._close_r
                0x0000000000084c9c       0x28 /usr/lib/gcc/arm-none-eabi/4.8.2/../../../arm-none-eabi/lib/armv7-m/libc.a(lib_a-closer.o)
                0x0000000000084c9c                _close_r
 .text._fclose_r
                0x0000000000084cc4       0x84 /usr/lib/gcc/arm-none-eabi/4.8.2/../../../arm-none-eabi/lib/armv7-m/libc.a(lib_a-fclose.o)
                0x0000000000084cc4                _fclose_r
 .text.fclose   0x0000000000084d48       0x10 /usr/lib/gcc/arm-none-eabi/4.8.2/../../../arm-none-eabi/lib/armv7-m/libc.a(lib_a-fclose.o)
                0x0000000000084d48                fclose
 .text._fstat_r
                0x0000000000084d58       0x28 /usr/lib/gcc/arm-none-eabi/4.8.2/../../../arm-none-eabi/lib/armv7-m/libc.a(lib_a-fstatr.o)
                0x0000000000084d58                _fstat_r
 .text._isatty_r
                0x0000000000084d80       0x28 /usr/lib/gcc/arm-none-eabi/4.8.2/../../../arm-none-eabi/lib/armv7-m/libc.a(lib_a-isattyr.o)
                0x0000000000084d80                _isatty_r
 .text._lseek_r
                0x0000000000084da8       0x2c /usr/lib/gcc/arm-none-eabi/4.8.2/../../../arm-none-eabi/lib/armv7-m/libc.a(lib_a-lseekr.o)
                0x0000000000084da8                _lseek_r
 .text._read_r  0x0000000000084dd4       0x2c /usr/lib/gcc/arm-none-eabi/4.8.2/../../../arm-none-eabi/lib/armv7-m/libc.a(lib_a-readr.o)
                0x0000000000084dd4                _read_r
 .text          0x0000000000084e00       0x2c /usr/lib/gcc/arm-none-eabi/4.8.2/armv7-m/libgcc.a(_aeabi_uldivmod.o)
                0x0000000000084e00                __aeabi_uldivmod
 .text          0x0000000000084e2c       0x60 /usr/lib/gcc/arm-none-eabi/4.8.2/armv7-m/libgcc.a(bpabi.o)
                0x0000000000084e2c                __gnu_ldivmod_helper
                0x0000000000084e5c                __gnu_uldivmod_helper
 .text          0x0000000000084e8c        0x4 /usr/lib/gcc/arm-none-eabi/4.8.2/armv7-m/libgcc.a(_dvmd_tls.o)
                0x0000000000084e8c                __aeabi_ldiv0
                0x0000000000084e8c                __aeabi_idiv0
 .text          0x0000000000084e90      0x2bc /usr/lib/gcc/arm-none-eabi/4.8.2/armv7-m/libgcc.a(_divdi3.o)
                0x0000000000084e90                __divdi3
 .text          0x000000000008514c      0x284 /usr/lib/gcc/arm-none-eabi/4.8.2/armv7-m/libgcc.a(_udivdi3.o)
                0x000000000008514c                __udivdi3
 *(.glue_7t)
 .glue_7t       0x0000000000000000        0x0 linker stubs
 *(.glue_7)
 .glue_7        0x0000000000000000        0x0 linker stubs
 *(.rodata .rodata* .gnu.linkonce.r.*)
 .rodata.OSCfg_IdleTaskStkLimit
                0x00000000000853d0        0x4 /media/sontung/SOURCE/opensource/Micrium/ArduinoDue/build/generated/UCOSIII/os_cfg_app.c.o
                0x00000000000853d0                OSCfg_IdleTaskStkLimit
 .rodata.OSCfg_TickWheelSize
                0x00000000000853d4        0x2 /media/sontung/SOURCE/opensource/Micrium/ArduinoDue/build/generated/UCOSIII/os_cfg_app.c.o
                0x00000000000853d4                OSCfg_TickWheelSize
 *fill*         0x00000000000853d6        0x2 
 .rodata.OSCfg_TickTaskStkBasePtr
                0x00000000000853d8        0x4 /media/sontung/SOURCE/opensource/Micrium/ArduinoDue/build/generated/UCOSIII/os_cfg_app.c.o
                0x00000000000853d8                OSCfg_TickTaskStkBasePtr
 .rodata.OSCfg_TmrTaskStkBasePtr
                0x00000000000853dc        0x4 /media/sontung/SOURCE/opensource/Micrium/ArduinoDue/build/generated/UCOSIII/os_cfg_app.c.o
                0x00000000000853dc                OSCfg_TmrTaskStkBasePtr
 .rodata.OSCfg_ISRStkSize
                0x00000000000853e0        0x4 /media/sontung/SOURCE/opensource/Micrium/ArduinoDue/build/generated/UCOSIII/os_cfg_app.c.o
                0x00000000000853e0                OSCfg_ISRStkSize
 .rodata.OSCfg_TmrTaskRate_Hz
                0x00000000000853e4        0x4 /media/sontung/SOURCE/opensource/Micrium/ArduinoDue/build/generated/UCOSIII/os_cfg_app.c.o
                0x00000000000853e4                OSCfg_TmrTaskRate_Hz
 .rodata.OSCfg_TmrTaskStkLimit
                0x00000000000853e8        0x4 /media/sontung/SOURCE/opensource/Micrium/ArduinoDue/build/generated/UCOSIII/os_cfg_app.c.o
                0x00000000000853e8                OSCfg_TmrTaskStkLimit
 .rodata.OSCfg_ISRStkBasePtr
                0x00000000000853ec        0x4 /media/sontung/SOURCE/opensource/Micrium/ArduinoDue/build/generated/UCOSIII/os_cfg_app.c.o
                0x00000000000853ec                OSCfg_ISRStkBasePtr
 .rodata.OSCfg_TmrTaskStkSize
                0x00000000000853f0        0x4 /media/sontung/SOURCE/opensource/Micrium/ArduinoDue/build/generated/UCOSIII/os_cfg_app.c.o
                0x00000000000853f0                OSCfg_TmrTaskStkSize
 .rodata.OSCfg_TickRate_Hz
                0x00000000000853f4        0x4 /media/sontung/SOURCE/opensource/Micrium/ArduinoDue/build/generated/UCOSIII/os_cfg_app.c.o
                0x00000000000853f4                OSCfg_TickRate_Hz
 .rodata.OSCfg_TmrWheelSize
                0x00000000000853f8        0x2 /media/sontung/SOURCE/opensource/Micrium/ArduinoDue/build/generated/UCOSIII/os_cfg_app.c.o
                0x00000000000853f8                OSCfg_TmrWheelSize
 *fill*         0x00000000000853fa        0x2 
 .rodata.OSCfg_IdleTaskStkSize
                0x00000000000853fc        0x4 /media/sontung/SOURCE/opensource/Micrium/ArduinoDue/build/generated/UCOSIII/os_cfg_app.c.o
                0x00000000000853fc                OSCfg_IdleTaskStkSize
 .rodata.OSCfg_MsgPoolSize
                0x0000000000085400        0x2 /media/sontung/SOURCE/opensource/Micrium/ArduinoDue/build/generated/UCOSIII/os_cfg_app.c.o
                0x0000000000085400                OSCfg_MsgPoolSize
 *fill*         0x0000000000085402        0x2 
 .rodata.OSCfg_MsgPoolBasePtr
                0x0000000000085404        0x4 /media/sontung/SOURCE/opensource/Micrium/ArduinoDue/build/generated/UCOSIII/os_cfg_app.c.o
                0x0000000000085404                OSCfg_MsgPoolBasePtr
 .rodata.OSCfg_IdleTaskStkBasePtr
                0x0000000000085408        0x4 /media/sontung/SOURCE/opensource/Micrium/ArduinoDue/build/generated/UCOSIII/os_cfg_app.c.o
                0x0000000000085408                OSCfg_IdleTaskStkBasePtr
 .rodata.OSCfg_TickTaskStkSize
                0x000000000008540c        0x4 /media/sontung/SOURCE/opensource/Micrium/ArduinoDue/build/generated/UCOSIII/os_cfg_app.c.o
                0x000000000008540c                OSCfg_TickTaskStkSize
 .rodata.OSCfg_TmrTaskPrio
                0x0000000000085410        0x1 /media/sontung/SOURCE/opensource/Micrium/ArduinoDue/build/generated/UCOSIII/os_cfg_app.c.o
                0x0000000000085410                OSCfg_TmrTaskPrio
 *fill*         0x0000000000085411        0x3 
 .rodata.OSCfg_StkSizeMin
                0x0000000000085414        0x4 /media/sontung/SOURCE/opensource/Micrium/ArduinoDue/build/generated/UCOSIII/os_cfg_app.c.o
                0x0000000000085414                OSCfg_StkSizeMin
 .rodata.OSCfg_TickTaskPrio
                0x0000000000085418        0x1 /media/sontung/SOURCE/opensource/Micrium/ArduinoDue/build/generated/UCOSIII/os_cfg_app.c.o
                0x0000000000085418                OSCfg_TickTaskPrio
 *fill*         0x0000000000085419        0x3 
 .rodata.OSCfg_TickTaskStkLimit
                0x000000000008541c        0x4 /media/sontung/SOURCE/opensource/Micrium/ArduinoDue/build/generated/UCOSIII/os_cfg_app.c.o
                0x000000000008541c                OSCfg_TickTaskStkLimit
 .rodata.str1.1
                0x0000000000085420       0x26 /media/sontung/SOURCE/opensource/Micrium/ArduinoDue/build/generated/UCOSIII/os_core.c.o
 .rodata.str1.1
                0x0000000000085446        0x6 /media/sontung/SOURCE/opensource/Micrium/ArduinoDue/build/generated/UCOSIII/os_task.c.o
                                          0x8 (size before relaxing)
 .rodata.str1.1
                0x000000000008544c       0x14 /media/sontung/SOURCE/opensource/Micrium/ArduinoDue/build/generated/UCOSIII/os_tick.c.o
 .rodata.str1.1
                0x0000000000085460       0x1a /media/sontung/SOURCE/opensource/Micrium/ArduinoDue/build/generated/UCOSIII/os_tmr.c.o
 .rodata.str1.1
                0x000000000008547a       0x72 /media/sontung/SOURCE/opensource/Micrium/ArduinoDue/build/generated/UCOSIII/bsp.c.o
 .rodata.str1.1
                0x00000000000854ec       0x17 /media/sontung/SOURCE/opensource/Micrium/ArduinoDue/build/generated/UCOSIII/app.c.o
 *fill*         0x0000000000085503        0x1 
 .rodata.str1.4
                0x0000000000085504        0x2 /usr/lib/gcc/arm-none-eabi/4.8.2/../../../arm-none-eabi/lib/armv7-m/libc.a(lib_a-impure.o)
                                          0x4 (size before relaxing)
 *fill*         0x0000000000085506        0x2 
 .rodata._global_impure_ptr
                0x0000000000085508        0x4 /usr/lib/gcc/arm-none-eabi/4.8.2/../../../arm-none-eabi/lib/armv7-m/libc.a(lib_a-impure.o)
                0x0000000000085508                _global_impure_ptr
 .rodata.blanks.6717
                0x000000000008550c       0x10 /usr/lib/gcc/arm-none-eabi/4.8.2/../../../arm-none-eabi/lib/armv7-m/libc.a(lib_a-vfiprintf.o)
 .rodata.str1.4
                0x000000000008551c       0x30 /usr/lib/gcc/arm-none-eabi/4.8.2/../../../arm-none-eabi/lib/armv7-m/libc.a(lib_a-vfiprintf.o)
 .rodata.zeroes.6718
                0x000000000008554c       0x10 /usr/lib/gcc/arm-none-eabi/4.8.2/../../../arm-none-eabi/lib/armv7-m/libc.a(lib_a-vfiprintf.o)
 *(.ARM.extab* .gnu.linkonce.armextab.*)
                0x000000000008555c                . = ALIGN (0x4)
 *(.init)
 .init          0x000000000008555c        0x4 /usr/lib/gcc/arm-none-eabi/4.8.2/armv7-m/crti.o
                0x000000000008555c                _init
 .init          0x0000000000085560        0x8 /usr/lib/gcc/arm-none-eabi/4.8.2/armv7-m/crtn.o
                0x0000000000085568                . = ALIGN (0x4)
                0x0000000000085568                __preinit_array_start = .
 *(.preinit_array)
                0x0000000000085568                __preinit_array_end = .
                0x0000000000085568                . = ALIGN (0x4)
                0x0000000000085568                __init_array_start = .
 *(SORT(.init_array.*))
 .init_array.00000
                0x0000000000085568        0x4 /usr/lib/gcc/arm-none-eabi/4.8.2/../../../arm-none-eabi/lib/armv7-m/libc.a(lib_a-__call_atexit.o)
 *(.init_array)
 .init_array    0x000000000008556c        0x4 /usr/lib/gcc/arm-none-eabi/4.8.2/armv7-m/crtbegin.o
                0x0000000000085570                __init_array_end = .
                0x0000000000085570                . = ALIGN (0x4)
 *crtbegin.o(.ctors)
 *(EXCLUDE_FILE(*crtend.o) .ctors)
 *(SORT(.ctors.*))
 *crtend.o(.ctors)
                0x0000000000085570                . = ALIGN (0x4)
 *(.fini)
 .fini          0x0000000000085570        0x4 /usr/lib/gcc/arm-none-eabi/4.8.2/armv7-m/crti.o
                0x0000000000085570                _fini
 .fini          0x0000000000085574        0x8 /usr/lib/gcc/arm-none-eabi/4.8.2/armv7-m/crtn.o
 *fill*         0x000000000008557c        0x4 
 .fini.__stub   0x0000000000085580       0x20 linker stubs
                0x00000000000855a0                . = ALIGN (0x4)
                0x00000000000855a0                __fini_array_start = .
 *(.fini_array)
 .fini_array    0x00000000000855a0        0x4 /usr/lib/gcc/arm-none-eabi/4.8.2/armv7-m/crtbegin.o
 *(SORT(.fini_array.*))
                0x00000000000855a4                __fini_array_end = .
 *crtbegin.o(.dtors)
 *(EXCLUDE_FILE(*crtend.o) .dtors)
 *(SORT(.dtors.*))
 *crtend.o(.dtors)
                0x00000000000855a4                . = ALIGN (0x4)
                0x00000000000855a4                _efixed = .
                0x00000000000855a4                PROVIDE (__exidx_start, .)

.vfp11_veneer   0x00000000000855a4        0x0
 .vfp11_veneer  0x0000000000000000        0x0 linker stubs

.v4_bx          0x00000000000855a4        0x0
 .v4_bx         0x0000000000000000        0x0 linker stubs

.iplt           0x00000000000855a4        0x0
 .iplt          0x0000000000000000        0x0 /usr/lib/gcc/arm-none-eabi/4.8.2/armv7-m/crtbegin.o

.ARM.exidx      0x00000000000855a4        0x8
 *(.ARM.exidx* .gnu.linkonce.armexidx.*)
 .ARM.exidx     0x00000000000855a4        0x8 /usr/lib/gcc/arm-none-eabi/4.8.2/armv7-m/libgcc.a(_divdi3.o)
 .ARM.exidx     0x00000000000855ac        0x0 /usr/lib/gcc/arm-none-eabi/4.8.2/armv7-m/libgcc.a(_udivdi3.o)
                                          0x8 (size before relaxing)
                0x00000000000855ac                PROVIDE (__exidx_end, .)

.eh_frame       0x00000000000855ac        0x0
 .eh_frame      0x00000000000855ac        0x0 /usr/lib/gcc/arm-none-eabi/4.8.2/armv7-m/crtbegin.o

.rel.dyn        0x00000000000855ac        0x0
 .rel.iplt      0x0000000000000000        0x0 /usr/lib/gcc/arm-none-eabi/4.8.2/armv7-m/crtbegin.o

.jcr            0x00000000000855ac        0x0
 .jcr           0x00000000000855ac        0x0 /usr/lib/gcc/arm-none-eabi/4.8.2/armv7-m/crtbegin.o

.tm_clone_table
                0x00000000000855ac        0x0
 .tm_clone_table
                0x00000000000855ac        0x0 /usr/lib/gcc/arm-none-eabi/4.8.2/armv7-m/crtbegin.o
 .tm_clone_table
                0x00000000000855ac        0x0 /usr/lib/gcc/arm-none-eabi/4.8.2/armv7-m/crtend.o

.igot.plt       0x00000000000855ac        0x0
 .igot.plt      0x0000000000000000        0x0 /usr/lib/gcc/arm-none-eabi/4.8.2/armv7-m/crtbegin.o
                0x00000000000855ac                . = ALIGN (0x4)
                0x00000000000855ac                _etext = .

.relocate       0x0000000020070000      0x95c load address 0x00000000000855ac
                0x0000000020070000                . = ALIGN (0x4)
                0x0000000020070000                _srelocate = .
 *(.ramfunc .ramfunc.*)
 .ramfunc       0x0000000020070000       0xf0 /media/sontung/SOURCE/opensource/Micrium/ArduinoDue/build/generated/UCOSIII/system_sam3x.c.o
                0x0000000020070000                SystemInit
                0x000000002007008c                system_init_flash
 *(.data .data.*)
 .data.SystemCoreClock
                0x00000000200700f0        0x4 /media/sontung/SOURCE/opensource/Micrium/ArduinoDue/build/generated/UCOSIII/system_sam3x.c.o
                0x00000000200700f0                SystemCoreClock
 *fill*         0x00000000200700f4        0x4 
 .data.impure_data
                0x00000000200700f8      0x428 /usr/lib/gcc/arm-none-eabi/4.8.2/../../../arm-none-eabi/lib/armv7-m/libc.a(lib_a-impure.o)
 .data._impure_ptr
                0x0000000020070520        0x4 /usr/lib/gcc/arm-none-eabi/4.8.2/../../../arm-none-eabi/lib/armv7-m/libc.a(lib_a-impure.o)
                0x0000000020070520                _impure_ptr
 .data.lc_ctype_charset
                0x0000000020070524       0x20 /usr/lib/gcc/arm-none-eabi/4.8.2/../../../arm-none-eabi/lib/armv7-m/libc.a(lib_a-locale.o)
 .data.__mb_cur_max
                0x0000000020070544        0x4 /usr/lib/gcc/arm-none-eabi/4.8.2/../../../arm-none-eabi/lib/armv7-m/libc.a(lib_a-locale.o)
                0x0000000020070544                __mb_cur_max
 .data.__malloc_av_
                0x0000000020070548      0x408 /usr/lib/gcc/arm-none-eabi/4.8.2/../../../arm-none-eabi/lib/armv7-m/libc.a(lib_a-mallocr.o)
                0x0000000020070548                __malloc_av_
 .data.__malloc_trim_threshold
                0x0000000020070950        0x4 /usr/lib/gcc/arm-none-eabi/4.8.2/../../../arm-none-eabi/lib/armv7-m/libc.a(lib_a-mallocr.o)
                0x0000000020070950                __malloc_trim_threshold
 .data.__malloc_sbrk_base
                0x0000000020070954        0x4 /usr/lib/gcc/arm-none-eabi/4.8.2/../../../arm-none-eabi/lib/armv7-m/libc.a(lib_a-mallocr.o)
                0x0000000020070954                __malloc_sbrk_base
 .data.__wctomb
                0x0000000020070958        0x4 /usr/lib/gcc/arm-none-eabi/4.8.2/../../../arm-none-eabi/lib/armv7-m/libc.a(lib_a-wctomb_r.o)
                0x0000000020070958                __wctomb
                0x000000002007095c                . = ALIGN (0x4)
                0x000000002007095c                _erelocate = .

.bss            0x000000002007095c     0x1e88 load address 0x0000000000085f08
                0x000000002007095c                . = ALIGN (0x4)
                0x000000002007095c                _sbss = .
                0x000000002007095c                _szero = .
 *(.bss .bss.*)
 .bss           0x000000002007095c       0x1c /usr/lib/gcc/arm-none-eabi/4.8.2/armv7-m/crtbegin.o
 .bss.AppTaskStartTCB
                0x0000000020070978       0x98 /media/sontung/SOURCE/opensource/Micrium/ArduinoDue/build/generated/UCOSIII/app.c.o
 .bss.AppTaskStartStk
                0x0000000020070a10      0x400 /media/sontung/SOURCE/opensource/Micrium/ArduinoDue/build/generated/UCOSIII/app.c.o
 .bss.gs_interrupt_sources
                0x0000000020070e10       0x70 /media/sontung/SOURCE/opensource/Micrium/ArduinoDue/build/generated/Atmel/pio_handler.c.o
 .bss.heap.5095
                0x0000000020070e80        0x4 /media/sontung/SOURCE/opensource/Micrium/ArduinoDue/build/generated/Atmel/syscalls.c.o
 .bss.__malloc_max_total_mem
                0x0000000020070e84        0x4 /usr/lib/gcc/arm-none-eabi/4.8.2/../../../arm-none-eabi/lib/armv7-m/libc.a(lib_a-mallocr.o)
                0x0000000020070e84                __malloc_max_total_mem
 .bss.__malloc_max_sbrked_mem
                0x0000000020070e88        0x4 /usr/lib/gcc/arm-none-eabi/4.8.2/../../../arm-none-eabi/lib/armv7-m/libc.a(lib_a-mallocr.o)
                0x0000000020070e88                __malloc_max_sbrked_mem
 .bss.__malloc_top_pad
                0x0000000020070e8c        0x4 /usr/lib/gcc/arm-none-eabi/4.8.2/../../../arm-none-eabi/lib/armv7-m/libc.a(lib_a-mallocr.o)
                0x0000000020070e8c                __malloc_top_pad
 .bss.__malloc_current_mallinfo
                0x0000000020070e90       0x28 /usr/lib/gcc/arm-none-eabi/4.8.2/../../../arm-none-eabi/lib/armv7-m/libc.a(lib_a-mallocr.o)
                0x0000000020070e90                __malloc_current_mallinfo
 *(COMMON)
 COMMON         0x0000000020070eb8        0x4 /media/sontung/SOURCE/opensource/Micrium/ArduinoDue/build/generated/UCOSIII/os_cpu_c.c.o
                0x0000000020070eb8                OS_CPU_ExceptStkBase
 COMMON         0x0000000020070ebc      0xf50 /media/sontung/SOURCE/opensource/Micrium/ArduinoDue/build/generated/UCOSIII/os_cfg_app.c.o
                0x0000000020070ebc                OSCfg_TickWheel
                0x0000000020070f44                OSCfg_MsgPool
                0x0000000020071584                OSCfg_TmrTaskStk
                0x0000000020071784                OSCfg_TmrWheel
                0x000000002007180c                OSCfg_ISRStk
                0x0000000020071a0c                OSCfg_TickTaskStk
                0x0000000020071c0c                OSCfg_IdleTaskStk
 COMMON         0x0000000020071e0c        0x8 /media/sontung/SOURCE/opensource/Micrium/ArduinoDue/build/generated/UCOSIII/os_prio.c.o
                0x0000000020071e0c                OSPrioTbl
 COMMON         0x0000000020071e14      0x55c /media/sontung/SOURCE/opensource/Micrium/ArduinoDue/build/generated/UCOSIII/os_var.c.o
                0x0000000020071e14                OSSchedLockNestingCtr
                0x0000000020071e18                OS_AppTaskReturnHookPtr
                0x0000000020071e1c                OSTaskRegNextAvailID
                0x0000000020071e1d                OSRunning
                0x0000000020071e20                OSRdyList
                0x0000000020072120                OSPrioHighRdy
                0x0000000020072124                OSSemDbgListPtr
                0x0000000020072128                OS_AppTaskCreateHookPtr
                0x000000002007212c                OSPrioCur
                0x0000000020072130                OSTickTaskTCB
                0x00000000200721c8                OSTmrTickCtr
                0x00000000200721cc                OSTCBCurPtr
                0x00000000200721d0                OSQQty
                0x00000000200721d2                OSPrioSaved
                0x00000000200721d4                OSTCBHighRdyPtr
                0x00000000200721d8                OSTaskDbgListPtr
                0x00000000200721dc                OSTmrTaskTimeMax
                0x00000000200721e0                OS_AppTaskDelHookPtr
                0x00000000200721e4                OS_AppTimeTickHookPtr
                0x00000000200721e8                OSTaskCtxSwCtr
                0x00000000200721ec                OSIntNestingCtr
                0x00000000200721ee                OSTaskQty
                0x00000000200721f0                OSTmrTaskTCB
                0x0000000020072288                OSMsgPool
                0x0000000020072294                OSIdleTaskTCB
                0x000000002007232c                OSQDbgListPtr
                0x0000000020072330                OSSemQty
                0x0000000020072334                OSMemDbgListPtr
                0x0000000020072338                OS_AppIdleTaskHookPtr
                0x000000002007233c                OSTickCtr
                0x0000000020072340                OS_AppTaskSwHookPtr
                0x0000000020072344                OSTmrQty
                0x0000000020072348                OSIdleTaskCtr
                0x000000002007234c                OS_AppStatTaskHookPtr
                0x0000000020072350                OSFlagQty
                0x0000000020072354                OSFlagDbgListPtr
                0x0000000020072358                OSMemQty
                0x000000002007235a                OSMutexQty
                0x000000002007235c                OSTmrDbgListPtr
                0x0000000020072360                OSTickTaskTimeMax
                0x0000000020072364                OSTmrUpdateCnt
                0x0000000020072368                OSMutexDbgListPtr
                0x000000002007236c                OSTmrUpdateCtr
 COMMON         0x0000000020072370        0x4 /media/sontung/SOURCE/opensource/Micrium/ArduinoDue/build/generated/UCOSIII/lib_math.c.o
                0x0000000020072370                Math_RandSeedCur
 COMMON         0x0000000020072374      0x44c /media/sontung/SOURCE/opensource/Micrium/ArduinoDue/build/generated/UCOSIII/lib_mem.c.o
                0x0000000020072374                Mem_PoolHeap
                0x00000000200723bc                Mem_Heap
                0x00000000200727bc                Mem_PoolTbl
 COMMON         0x00000000200727c0       0x14 /media/sontung/SOURCE/opensource/Micrium/ArduinoDue/build/generated/UCOSIII/cpu_core.c.o
                0x00000000200727c0                CPU_TS_TmrFreq_Hz
                0x00000000200727c4                CPU_Name
 COMMON         0x00000000200727d4        0x4 /media/sontung/SOURCE/opensource/Micrium/ArduinoDue/build/generated/Atmel/read.c.o
                0x00000000200727d4                ptr_get
 COMMON         0x00000000200727d8        0x8 /media/sontung/SOURCE/opensource/Micrium/ArduinoDue/build/generated/Atmel/write.c.o
                0x00000000200727d8                ptr_put
                0x00000000200727dc                stdio_base
 COMMON         0x00000000200727e0        0x4 /usr/lib/gcc/arm-none-eabi/4.8.2/../../../arm-none-eabi/lib/armv7-m/libc.a(lib_a-reent.o)
                0x00000000200727e0                errno
                0x00000000200727e4                . = ALIGN (0x4)
                0x00000000200727e4                _ebss = .
                0x00000000200727e4                _ezero = .

.stack          0x00000000200727e4     0x2004 load address 0x0000000000087d90
                0x00000000200727e8                . = ALIGN (0x8)
 *fill*         0x00000000200727e4        0x4 
                0x00000000200727e8                _sstack = .
                0x00000000200747e8                . = (. + __stack_size__)
 *fill*         0x00000000200727e8     0x2000 
                0x00000000200747e8                . = ALIGN (0x8)
                0x00000000200747e8                _estack = .
                0x00000000200747e8                . = ALIGN (0x4)
                0x00000000200747e8                _end = .
OUTPUT(/media/sontung/SOURCE/opensource/Micrium/ArduinoDue/build/generated/DueMicrium.elf elf32-littlearm)

.ARM.attributes
                0x0000000000000000       0x29
 .ARM.attributes
                0x0000000000000000       0x1d /usr/lib/gcc/arm-none-eabi/4.8.2/armv7-m/crti.o
 .ARM.attributes
                0x000000000000001d       0x2d /usr/lib/gcc/arm-none-eabi/4.8.2/armv7-m/crtbegin.o
 .ARM.attributes
                0x000000000000004a       0x21 /media/sontung/SOURCE/opensource/Micrium/ArduinoDue/build/generated/UCOSIII/os_cpu_a.s.o
 .ARM.attributes
                0x000000000000006b       0x33 /media/sontung/SOURCE/opensource/Micrium/ArduinoDue/build/generated/UCOSIII/os_cpu_c.c.o
 .ARM.attributes
                0x000000000000009e       0x33 /media/sontung/SOURCE/opensource/Micrium/ArduinoDue/build/generated/UCOSIII/os_cfg_app.c.o
 .ARM.attributes
                0x00000000000000d1       0x33 /media/sontung/SOURCE/opensource/Micrium/ArduinoDue/build/generated/UCOSIII/os_core.c.o
 .ARM.attributes
                0x0000000000000104       0x33 /media/sontung/SOURCE/opensource/Micrium/ArduinoDue/build/generated/UCOSIII/os_dbg.c.o
 .ARM.attributes
                0x0000000000000137       0x33 /media/sontung/SOURCE/opensource/Micrium/ArduinoDue/build/generated/UCOSIII/os_flag.c.o
 .ARM.attributes
                0x000000000000016a       0x33 /media/sontung/SOURCE/opensource/Micrium/ArduinoDue/build/generated/UCOSIII/os_mem.c.o
 .ARM.attributes
                0x000000000000019d       0x33 /media/sontung/SOURCE/opensource/Micrium/ArduinoDue/build/generated/UCOSIII/os_msg.c.o
 .ARM.attributes
                0x00000000000001d0       0x33 /media/sontung/SOURCE/opensource/Micrium/ArduinoDue/build/generated/UCOSIII/os_mutex.c.o
 .ARM.attributes
                0x0000000000000203       0x33 /media/sontung/SOURCE/opensource/Micrium/ArduinoDue/build/generated/UCOSIII/os_prio.c.o
 .ARM.attributes
                0x0000000000000236       0x33 /media/sontung/SOURCE/opensource/Micrium/ArduinoDue/build/generated/UCOSIII/os_q.c.o
 .ARM.attributes
                0x0000000000000269       0x33 /media/sontung/SOURCE/opensource/Micrium/ArduinoDue/build/generated/UCOSIII/os_sem.c.o
 .ARM.attributes
                0x000000000000029c       0x33 /media/sontung/SOURCE/opensource/Micrium/ArduinoDue/build/generated/UCOSIII/os_task.c.o
 .ARM.attributes
                0x00000000000002cf       0x33 /media/sontung/SOURCE/opensource/Micrium/ArduinoDue/build/generated/UCOSIII/os_tick.c.o
 .ARM.attributes
                0x0000000000000302       0x33 /media/sontung/SOURCE/opensource/Micrium/ArduinoDue/build/generated/UCOSIII/os_time.c.o
 .ARM.attributes
                0x0000000000000335       0x33 /media/sontung/SOURCE/opensource/Micrium/ArduinoDue/build/generated/UCOSIII/os_tmr.c.o
 .ARM.attributes
                0x0000000000000368       0x33 /media/sontung/SOURCE/opensource/Micrium/ArduinoDue/build/generated/UCOSIII/os_var.c.o
 .ARM.attributes
                0x000000000000039b       0x33 /media/sontung/SOURCE/opensource/Micrium/ArduinoDue/build/generated/UCOSIII/lib_math.c.o
 .ARM.attributes
                0x00000000000003ce       0x33 /media/sontung/SOURCE/opensource/Micrium/ArduinoDue/build/generated/UCOSIII/lib_mem.c.o
 .ARM.attributes
                0x0000000000000401       0x33 /media/sontung/SOURCE/opensource/Micrium/ArduinoDue/build/generated/UCOSIII/lib_str.c.o
 .ARM.attributes
                0x0000000000000434       0x33 /media/sontung/SOURCE/opensource/Micrium/ArduinoDue/build/generated/UCOSIII/cpu_core.c.o
 .ARM.attributes
                0x0000000000000467       0x21 /media/sontung/SOURCE/opensource/Micrium/ArduinoDue/build/generated/UCOSIII/cpu_a.s.o
 .ARM.attributes
                0x0000000000000488       0x33 /media/sontung/SOURCE/opensource/Micrium/ArduinoDue/build/generated/UCOSIII/startup_sam3x.c.o
 .ARM.attributes
                0x00000000000004bb       0x33 /media/sontung/SOURCE/opensource/Micrium/ArduinoDue/build/generated/UCOSIII/exceptions.c.o
 .ARM.attributes
                0x00000000000004ee       0x33 /media/sontung/SOURCE/opensource/Micrium/ArduinoDue/build/generated/UCOSIII/system_sam3x.c.o
 .ARM.attributes
                0x0000000000000521       0x33 /media/sontung/SOURCE/opensource/Micrium/ArduinoDue/build/generated/UCOSIII/bsp.c.o
 .ARM.attributes
                0x0000000000000554       0x33 /media/sontung/SOURCE/opensource/Micrium/ArduinoDue/build/generated/UCOSIII/app.c.o
 .ARM.attributes
                0x0000000000000587       0x33 /media/sontung/SOURCE/opensource/Micrium/ArduinoDue/build/generated/Atmel/sysclk.c.o
 .ARM.attributes
                0x00000000000005ba       0x33 /media/sontung/SOURCE/opensource/Micrium/ArduinoDue/build/generated/Atmel/read.c.o
 .ARM.attributes
                0x00000000000005ed       0x33 /media/sontung/SOURCE/opensource/Micrium/ArduinoDue/build/generated/Atmel/write.c.o
 .ARM.attributes
                0x0000000000000620       0x33 /media/sontung/SOURCE/opensource/Micrium/ArduinoDue/build/generated/Atmel/init.c.o
 .ARM.attributes
                0x0000000000000653       0x33 /media/sontung/SOURCE/opensource/Micrium/ArduinoDue/build/generated/Atmel/pio.c.o
 .ARM.attributes
                0x0000000000000686       0x33 /media/sontung/SOURCE/opensource/Micrium/ArduinoDue/build/generated/Atmel/pio_handler.c.o
 .ARM.attributes
                0x00000000000006b9       0x33 /media/sontung/SOURCE/opensource/Micrium/ArduinoDue/build/generated/Atmel/pmc.c.o
 .ARM.attributes
                0x00000000000006ec       0x33 /media/sontung/SOURCE/opensource/Micrium/ArduinoDue/build/generated/Atmel/uart.c.o
 .ARM.attributes
                0x000000000000071f       0x33 /media/sontung/SOURCE/opensource/Micrium/ArduinoDue/build/generated/Atmel/usart.c.o
 .ARM.attributes
                0x0000000000000752       0x33 /media/sontung/SOURCE/opensource/Micrium/ArduinoDue/build/generated/Atmel/wdt.c.o
 .ARM.attributes
                0x0000000000000785       0x33 /media/sontung/SOURCE/opensource/Micrium/ArduinoDue/build/generated/Atmel/syscalls.c.o
 .ARM.attributes
                0x00000000000007b8       0x2d /usr/lib/gcc/arm-none-eabi/4.8.2/../../../arm-none-eabi/lib/armv7-m/libc.a(lib_a-atexit.o)
 .ARM.attributes
                0x00000000000007e5       0x2d /usr/lib/gcc/arm-none-eabi/4.8.2/../../../arm-none-eabi/lib/armv7-m/libc.a(lib_a-fini.o)
 .ARM.attributes
                0x0000000000000812       0x2d /usr/lib/gcc/arm-none-eabi/4.8.2/../../../arm-none-eabi/lib/armv7-m/libc.a(lib_a-impure.o)
 .ARM.attributes
                0x000000000000083f       0x2d /usr/lib/gcc/arm-none-eabi/4.8.2/../../../arm-none-eabi/lib/armv7-m/libc.a(lib_a-init.o)
 .ARM.attributes
                0x000000000000086c       0x2d /usr/lib/gcc/arm-none-eabi/4.8.2/../../../arm-none-eabi/lib/armv7-m/libc.a(lib_a-iprintf.o)
 .ARM.attributes
                0x0000000000000899       0x1b /usr/lib/gcc/arm-none-eabi/4.8.2/../../../arm-none-eabi/lib/armv7-m/libc.a(lib_a-memcpy.o)
 .ARM.attributes
                0x00000000000008b4       0x2d /usr/lib/gcc/arm-none-eabi/4.8.2/../../../arm-none-eabi/lib/armv7-m/libc.a(lib_a-memset.o)
 .ARM.attributes
                0x00000000000008e1       0x2d /usr/lib/gcc/arm-none-eabi/4.8.2/../../../arm-none-eabi/lib/armv7-m/libc.a(lib_a-setbuf.o)
 .ARM.attributes
                0x000000000000090e       0x2d /usr/lib/gcc/arm-none-eabi/4.8.2/../../../arm-none-eabi/lib/armv7-m/libc.a(lib_a-setvbuf.o)
 .ARM.attributes
                0x000000000000093b       0x2d /usr/lib/gcc/arm-none-eabi/4.8.2/../../../arm-none-eabi/lib/armv7-m/libc.a(lib_a-vfiprintf.o)
 .ARM.attributes
                0x0000000000000968       0x2d /usr/lib/gcc/arm-none-eabi/4.8.2/../../../arm-none-eabi/lib/armv7-m/libc.a(lib_a-wsetup.o)
 .ARM.attributes
                0x0000000000000995       0x2d /usr/lib/gcc/arm-none-eabi/4.8.2/../../../arm-none-eabi/lib/armv7-m/libc.a(lib_a-__atexit.o)
 .ARM.attributes
                0x00000000000009c2       0x2d /usr/lib/gcc/arm-none-eabi/4.8.2/../../../arm-none-eabi/lib/armv7-m/libc.a(lib_a-__call_atexit.o)
 .ARM.attributes
                0x00000000000009ef       0x2d /usr/lib/gcc/arm-none-eabi/4.8.2/../../../arm-none-eabi/lib/armv7-m/libc.a(lib_a-fflush.o)
 .ARM.attributes
                0x0000000000000a1c       0x2d /usr/lib/gcc/arm-none-eabi/4.8.2/../../../arm-none-eabi/lib/armv7-m/libc.a(lib_a-findfp.o)
 .ARM.attributes
                0x0000000000000a49       0x2d /usr/lib/gcc/arm-none-eabi/4.8.2/../../../arm-none-eabi/lib/armv7-m/libc.a(lib_a-fputwc.o)
 .ARM.attributes
                0x0000000000000a76       0x2d /usr/lib/gcc/arm-none-eabi/4.8.2/../../../arm-none-eabi/lib/armv7-m/libc.a(lib_a-freer.o)
 .ARM.attributes
                0x0000000000000aa3       0x2d /usr/lib/gcc/arm-none-eabi/4.8.2/../../../arm-none-eabi/lib/armv7-m/libc.a(lib_a-fvwrite.o)
 .ARM.attributes
                0x0000000000000ad0       0x2d /usr/lib/gcc/arm-none-eabi/4.8.2/../../../arm-none-eabi/lib/armv7-m/libc.a(lib_a-fwalk.o)
 .ARM.attributes
                0x0000000000000afd       0x2d /usr/lib/gcc/arm-none-eabi/4.8.2/../../../arm-none-eabi/lib/armv7-m/libc.a(lib_a-locale.o)
 .ARM.attributes
                0x0000000000000b2a       0x2d /usr/lib/gcc/arm-none-eabi/4.8.2/../../../arm-none-eabi/lib/armv7-m/libc.a(lib_a-makebuf.o)
 .ARM.attributes
                0x0000000000000b57       0x2d /usr/lib/gcc/arm-none-eabi/4.8.2/../../../arm-none-eabi/lib/armv7-m/libc.a(lib_a-malloc.o)
 .ARM.attributes
                0x0000000000000b84       0x2d /usr/lib/gcc/arm-none-eabi/4.8.2/../../../arm-none-eabi/lib/armv7-m/libc.a(lib_a-mallocr.o)
 .ARM.attributes
                0x0000000000000bb1       0x2d /usr/lib/gcc/arm-none-eabi/4.8.2/../../../arm-none-eabi/lib/armv7-m/libc.a(lib_a-memchr-stub.o)
 .ARM.attributes
                0x0000000000000bde       0x2d /usr/lib/gcc/arm-none-eabi/4.8.2/../../../arm-none-eabi/lib/armv7-m/libc.a(lib_a-memmove.o)
 .ARM.attributes
                0x0000000000000c0b       0x2d /usr/lib/gcc/arm-none-eabi/4.8.2/../../../arm-none-eabi/lib/armv7-m/libc.a(lib_a-mlock.o)
 .ARM.attributes
                0x0000000000000c38       0x2d /usr/lib/gcc/arm-none-eabi/4.8.2/../../../arm-none-eabi/lib/armv7-m/libc.a(lib_a-reallocr.o)
 .ARM.attributes
                0x0000000000000c65       0x2d /usr/lib/gcc/arm-none-eabi/4.8.2/../../../arm-none-eabi/lib/armv7-m/libc.a(lib_a-sbrkr.o)
 .ARM.attributes
                0x0000000000000c92       0x2d /usr/lib/gcc/arm-none-eabi/4.8.2/../../../arm-none-eabi/lib/armv7-m/libc.a(lib_a-stdio.o)
 .ARM.attributes
                0x0000000000000cbf       0x2d /usr/lib/gcc/arm-none-eabi/4.8.2/../../../arm-none-eabi/lib/armv7-m/libc.a(lib_a-strlen.o)
 .ARM.attributes
                0x0000000000000cec       0x2d /usr/lib/gcc/arm-none-eabi/4.8.2/../../../arm-none-eabi/lib/armv7-m/libc.a(lib_a-wbuf.o)
 .ARM.attributes
                0x0000000000000d19       0x2d /usr/lib/gcc/arm-none-eabi/4.8.2/../../../arm-none-eabi/lib/armv7-m/libc.a(lib_a-wcrtomb.o)
 .ARM.attributes
                0x0000000000000d46       0x2d /usr/lib/gcc/arm-none-eabi/4.8.2/../../../arm-none-eabi/lib/armv7-m/libc.a(lib_a-wctomb_r.o)
 .ARM.attributes
                0x0000000000000d73       0x2d /usr/lib/gcc/arm-none-eabi/4.8.2/../../../arm-none-eabi/lib/armv7-m/libc.a(lib_a-writer.o)
 .ARM.attributes
                0x0000000000000da0       0x2d /usr/lib/gcc/arm-none-eabi/4.8.2/../../../arm-none-eabi/lib/armv7-m/libc.a(lib_a-closer.o)
 .ARM.attributes
                0x0000000000000dcd       0x2d /usr/lib/gcc/arm-none-eabi/4.8.2/../../../arm-none-eabi/lib/armv7-m/libc.a(lib_a-fclose.o)
 .ARM.attributes
                0x0000000000000dfa       0x2d /usr/lib/gcc/arm-none-eabi/4.8.2/../../../arm-none-eabi/lib/armv7-m/libc.a(lib_a-fstatr.o)
 .ARM.attributes
                0x0000000000000e27       0x2d /usr/lib/gcc/arm-none-eabi/4.8.2/../../../arm-none-eabi/lib/armv7-m/libc.a(lib_a-isattyr.o)
 .ARM.attributes
                0x0000000000000e54       0x2d /usr/lib/gcc/arm-none-eabi/4.8.2/../../../arm-none-eabi/lib/armv7-m/libc.a(lib_a-lseekr.o)
 .ARM.attributes
                0x0000000000000e81       0x2d /usr/lib/gcc/arm-none-eabi/4.8.2/../../../arm-none-eabi/lib/armv7-m/libc.a(lib_a-readr.o)
 .ARM.attributes
                0x0000000000000eae       0x2d /usr/lib/gcc/arm-none-eabi/4.8.2/../../../arm-none-eabi/lib/armv7-m/libc.a(lib_a-reent.o)
 .ARM.attributes
                0x0000000000000edb       0x1d /usr/lib/gcc/arm-none-eabi/4.8.2/armv7-m/libgcc.a(_aeabi_uldivmod.o)
 .ARM.attributes
                0x0000000000000ef8       0x2d /usr/lib/gcc/arm-none-eabi/4.8.2/armv7-m/libgcc.a(bpabi.o)
 .ARM.attributes
                0x0000000000000f25       0x1d /usr/lib/gcc/arm-none-eabi/4.8.2/armv7-m/libgcc.a(_dvmd_tls.o)
 .ARM.attributes
                0x0000000000000f42       0x2d /usr/lib/gcc/arm-none-eabi/4.8.2/armv7-m/libgcc.a(_divdi3.o)
 .ARM.attributes
                0x0000000000000f6f       0x2d /usr/lib/gcc/arm-none-eabi/4.8.2/armv7-m/libgcc.a(_udivdi3.o)
 .ARM.attributes
                0x0000000000000f9c       0x2d /usr/lib/gcc/arm-none-eabi/4.8.2/armv7-m/crtend.o
 .ARM.attributes
                0x0000000000000fc9       0x1d /usr/lib/gcc/arm-none-eabi/4.8.2/armv7-m/crtn.o

.comment        0x0000000000000000       0x1f
 .comment       0x0000000000000000       0x1f /usr/lib/gcc/arm-none-eabi/4.8.2/armv7-m/crtbegin.o
                                         0x20 (size before relaxing)
 .comment       0x0000000000000000       0x20 /media/sontung/SOURCE/opensource/Micrium/ArduinoDue/build/generated/UCOSIII/os_cpu_c.c.o
 .comment       0x0000000000000000       0x20 /media/sontung/SOURCE/opensource/Micrium/ArduinoDue/build/generated/UCOSIII/os_cfg_app.c.o
 .comment       0x0000000000000000       0x20 /media/sontung/SOURCE/opensource/Micrium/ArduinoDue/build/generated/UCOSIII/os_core.c.o
 .comment       0x0000000000000000       0x20 /media/sontung/SOURCE/opensource/Micrium/ArduinoDue/build/generated/UCOSIII/os_dbg.c.o
 .comment       0x0000000000000000       0x20 /media/sontung/SOURCE/opensource/Micrium/ArduinoDue/build/generated/UCOSIII/os_flag.c.o
 .comment       0x0000000000000000       0x20 /media/sontung/SOURCE/opensource/Micrium/ArduinoDue/build/generated/UCOSIII/os_mem.c.o
 .comment       0x0000000000000000       0x20 /media/sontung/SOURCE/opensource/Micrium/ArduinoDue/build/generated/UCOSIII/os_msg.c.o
 .comment       0x0000000000000000       0x20 /media/sontung/SOURCE/opensource/Micrium/ArduinoDue/build/generated/UCOSIII/os_mutex.c.o
 .comment       0x0000000000000000       0x20 /media/sontung/SOURCE/opensource/Micrium/ArduinoDue/build/generated/UCOSIII/os_prio.c.o
 .comment       0x0000000000000000       0x20 /media/sontung/SOURCE/opensource/Micrium/ArduinoDue/build/generated/UCOSIII/os_q.c.o
 .comment       0x0000000000000000       0x20 /media/sontung/SOURCE/opensource/Micrium/ArduinoDue/build/generated/UCOSIII/os_sem.c.o
 .comment       0x0000000000000000       0x20 /media/sontung/SOURCE/opensource/Micrium/ArduinoDue/build/generated/UCOSIII/os_task.c.o
 .comment       0x0000000000000000       0x20 /media/sontung/SOURCE/opensource/Micrium/ArduinoDue/build/generated/UCOSIII/os_tick.c.o
 .comment       0x0000000000000000       0x20 /media/sontung/SOURCE/opensource/Micrium/ArduinoDue/build/generated/UCOSIII/os_time.c.o
 .comment       0x0000000000000000       0x20 /media/sontung/SOURCE/opensource/Micrium/ArduinoDue/build/generated/UCOSIII/os_tmr.c.o
 .comment       0x0000000000000000       0x20 /media/sontung/SOURCE/opensource/Micrium/ArduinoDue/build/generated/UCOSIII/os_var.c.o
 .comment       0x0000000000000000       0x20 /media/sontung/SOURCE/opensource/Micrium/ArduinoDue/build/generated/UCOSIII/lib_math.c.o
 .comment       0x0000000000000000       0x20 /media/sontung/SOURCE/opensource/Micrium/ArduinoDue/build/generated/UCOSIII/lib_mem.c.o
 .comment       0x0000000000000000       0x20 /media/sontung/SOURCE/opensource/Micrium/ArduinoDue/build/generated/UCOSIII/lib_str.c.o
 .comment       0x0000000000000000       0x20 /media/sontung/SOURCE/opensource/Micrium/ArduinoDue/build/generated/UCOSIII/cpu_core.c.o
 .comment       0x0000000000000000       0x20 /media/sontung/SOURCE/opensource/Micrium/ArduinoDue/build/generated/UCOSIII/startup_sam3x.c.o
 .comment       0x0000000000000000       0x20 /media/sontung/SOURCE/opensource/Micrium/ArduinoDue/build/generated/UCOSIII/exceptions.c.o
 .comment       0x0000000000000000       0x20 /media/sontung/SOURCE/opensource/Micrium/ArduinoDue/build/generated/UCOSIII/system_sam3x.c.o
 .comment       0x0000000000000000       0x20 /media/sontung/SOURCE/opensource/Micrium/ArduinoDue/build/generated/UCOSIII/bsp.c.o
 .comment       0x0000000000000000       0x20 /media/sontung/SOURCE/opensource/Micrium/ArduinoDue/build/generated/UCOSIII/app.c.o
 .comment       0x0000000000000000       0x20 /media/sontung/SOURCE/opensource/Micrium/ArduinoDue/build/generated/Atmel/sysclk.c.o
 .comment       0x0000000000000000       0x20 /media/sontung/SOURCE/opensource/Micrium/ArduinoDue/build/generated/Atmel/read.c.o
 .comment       0x0000000000000000       0x20 /media/sontung/SOURCE/opensource/Micrium/ArduinoDue/build/generated/Atmel/write.c.o
 .comment       0x0000000000000000       0x20 /media/sontung/SOURCE/opensource/Micrium/ArduinoDue/build/generated/Atmel/init.c.o
 .comment       0x0000000000000000       0x20 /media/sontung/SOURCE/opensource/Micrium/ArduinoDue/build/generated/Atmel/pio.c.o
 .comment       0x0000000000000000       0x20 /media/sontung/SOURCE/opensource/Micrium/ArduinoDue/build/generated/Atmel/pio_handler.c.o
 .comment       0x0000000000000000       0x20 /media/sontung/SOURCE/opensource/Micrium/ArduinoDue/build/generated/Atmel/pmc.c.o
 .comment       0x0000000000000000       0x20 /media/sontung/SOURCE/opensource/Micrium/ArduinoDue/build/generated/Atmel/uart.c.o
 .comment       0x0000000000000000       0x20 /media/sontung/SOURCE/opensource/Micrium/ArduinoDue/build/generated/Atmel/usart.c.o
 .comment       0x0000000000000000       0x20 /media/sontung/SOURCE/opensource/Micrium/ArduinoDue/build/generated/Atmel/wdt.c.o
 .comment       0x0000000000000000       0x20 /media/sontung/SOURCE/opensource/Micrium/ArduinoDue/build/generated/Atmel/syscalls.c.o
 .comment       0x0000000000000000       0x20 /usr/lib/gcc/arm-none-eabi/4.8.2/../../../arm-none-eabi/lib/armv7-m/libc.a(lib_a-atexit.o)
 .comment       0x0000000000000000       0x20 /usr/lib/gcc/arm-none-eabi/4.8.2/../../../arm-none-eabi/lib/armv7-m/libc.a(lib_a-fini.o)
 .comment       0x0000000000000000       0x20 /usr/lib/gcc/arm-none-eabi/4.8.2/../../../arm-none-eabi/lib/armv7-m/libc.a(lib_a-impure.o)
 .comment       0x0000000000000000       0x20 /usr/lib/gcc/arm-none-eabi/4.8.2/../../../arm-none-eabi/lib/armv7-m/libc.a(lib_a-init.o)
 .comment       0x0000000000000000       0x20 /usr/lib/gcc/arm-none-eabi/4.8.2/../../../arm-none-eabi/lib/armv7-m/libc.a(lib_a-iprintf.o)
 .comment       0x0000000000000000       0x20 /usr/lib/gcc/arm-none-eabi/4.8.2/../../../arm-none-eabi/lib/armv7-m/libc.a(lib_a-memset.o)
 .comment       0x0000000000000000       0x20 /usr/lib/gcc/arm-none-eabi/4.8.2/../../../arm-none-eabi/lib/armv7-m/libc.a(lib_a-setbuf.o)
 .comment       0x0000000000000000       0x20 /usr/lib/gcc/arm-none-eabi/4.8.2/../../../arm-none-eabi/lib/armv7-m/libc.a(lib_a-setvbuf.o)
 .comment       0x0000000000000000       0x20 /usr/lib/gcc/arm-none-eabi/4.8.2/../../../arm-none-eabi/lib/armv7-m/libc.a(lib_a-vfiprintf.o)
 .comment       0x0000000000000000       0x20 /usr/lib/gcc/arm-none-eabi/4.8.2/../../../arm-none-eabi/lib/armv7-m/libc.a(lib_a-wsetup.o)
 .comment       0x0000000000000000       0x20 /usr/lib/gcc/arm-none-eabi/4.8.2/../../../arm-none-eabi/lib/armv7-m/libc.a(lib_a-__atexit.o)
 .comment       0x0000000000000000       0x20 /usr/lib/gcc/arm-none-eabi/4.8.2/../../../arm-none-eabi/lib/armv7-m/libc.a(lib_a-__call_atexit.o)
 .comment       0x0000000000000000       0x20 /usr/lib/gcc/arm-none-eabi/4.8.2/../../../arm-none-eabi/lib/armv7-m/libc.a(lib_a-fflush.o)
 .comment       0x0000000000000000       0x20 /usr/lib/gcc/arm-none-eabi/4.8.2/../../../arm-none-eabi/lib/armv7-m/libc.a(lib_a-findfp.o)
 .comment       0x0000000000000000       0x20 /usr/lib/gcc/arm-none-eabi/4.8.2/../../../arm-none-eabi/lib/armv7-m/libc.a(lib_a-fputwc.o)
 .comment       0x0000000000000000       0x20 /usr/lib/gcc/arm-none-eabi/4.8.2/../../../arm-none-eabi/lib/armv7-m/libc.a(lib_a-freer.o)
 .comment       0x0000000000000000       0x20 /usr/lib/gcc/arm-none-eabi/4.8.2/../../../arm-none-eabi/lib/armv7-m/libc.a(lib_a-fvwrite.o)
 .comment       0x0000000000000000       0x20 /usr/lib/gcc/arm-none-eabi/4.8.2/../../../arm-none-eabi/lib/armv7-m/libc.a(lib_a-fwalk.o)
 .comment       0x0000000000000000       0x20 /usr/lib/gcc/arm-none-eabi/4.8.2/../../../arm-none-eabi/lib/armv7-m/libc.a(lib_a-locale.o)
 .comment       0x0000000000000000       0x20 /usr/lib/gcc/arm-none-eabi/4.8.2/../../../arm-none-eabi/lib/armv7-m/libc.a(lib_a-makebuf.o)
 .comment       0x0000000000000000       0x20 /usr/lib/gcc/arm-none-eabi/4.8.2/../../../arm-none-eabi/lib/armv7-m/libc.a(lib_a-malloc.o)
 .comment       0x0000000000000000       0x20 /usr/lib/gcc/arm-none-eabi/4.8.2/../../../arm-none-eabi/lib/armv7-m/libc.a(lib_a-mallocr.o)
 .comment       0x0000000000000000       0x20 /usr/lib/gcc/arm-none-eabi/4.8.2/../../../arm-none-eabi/lib/armv7-m/libc.a(lib_a-memchr-stub.o)
 .comment       0x0000000000000000       0x20 /usr/lib/gcc/arm-none-eabi/4.8.2/../../../arm-none-eabi/lib/armv7-m/libc.a(lib_a-memmove.o)
 .comment       0x0000000000000000       0x20 /usr/lib/gcc/arm-none-eabi/4.8.2/../../../arm-none-eabi/lib/armv7-m/libc.a(lib_a-mlock.o)
 .comment       0x0000000000000000       0x20 /usr/lib/gcc/arm-none-eabi/4.8.2/../../../arm-none-eabi/lib/armv7-m/libc.a(lib_a-reallocr.o)
 .comment       0x0000000000000000       0x20 /usr/lib/gcc/arm-none-eabi/4.8.2/../../../arm-none-eabi/lib/armv7-m/libc.a(lib_a-sbrkr.o)
 .comment       0x0000000000000000       0x20 /usr/lib/gcc/arm-none-eabi/4.8.2/../../../arm-none-eabi/lib/armv7-m/libc.a(lib_a-stdio.o)
 .comment       0x0000000000000000       0x20 /usr/lib/gcc/arm-none-eabi/4.8.2/../../../arm-none-eabi/lib/armv7-m/libc.a(lib_a-strlen.o)
 .comment       0x0000000000000000       0x20 /usr/lib/gcc/arm-none-eabi/4.8.2/../../../arm-none-eabi/lib/armv7-m/libc.a(lib_a-wbuf.o)
 .comment       0x0000000000000000       0x20 /usr/lib/gcc/arm-none-eabi/4.8.2/../../../arm-none-eabi/lib/armv7-m/libc.a(lib_a-wcrtomb.o)